 Stm

 Timestamp is 5b5209af (Fri Jul 20 12:11:27 2018)

 Preferred load address is 00000000

 Start         Length     Name                   Class
 0001:00000000 00010ed2H .text                   CODE
 0002:00000000 0000a3abH .rdata                  DATA
 0002:0000a3ac 0000007dH .rdata$debug            DATA
 0003:00000000 000014acH .data                   DATA
 0003:000014c0 000014c0H .bss                    DATA

  Address         Publics by Value              Rva+Base       Lib:Object

 0001:00000000       _GetVmcsSize               00000260 f   Stm:StmInit.obj
 0001:00000036       _IsSentryEnabled           00000296 f   Stm:StmInit.obj
 0001:00000051       _FindAcpiRsdPtr            000002b1 f   Stm:StmInit.obj
 0001:000000a8       _FindAcpiPtr               00000308 f   Stm:StmInit.obj
 0001:00000147       _GetCpuNumFromAcpi         000003a7 f   Stm:StmInit.obj
 0001:00000193       _GetIndexFromStack         000003f3 f   Stm:StmInit.obj
 0001:000001c5       _InitHeap                  00000425 f   Stm:StmInit.obj
 0001:000002ec       _BspInit                   0000054c f   Stm:StmInit.obj
 0001:000012e8       _ApInit                    00001548 f   Stm:StmInit.obj
 0001:000013bf       _CommonInit                0000161f f   Stm:StmInit.obj
 0001:00001590       _VmcsInit                  000017f0 f   Stm:StmInit.obj
 0001:00001804       _LaunchBack                00001a64 f   Stm:StmInit.obj
 0001:0000191e       _InitializeSmmMonitor      00001b7e f   Stm:StmInit.obj
 0001:0000196a       _CpuReadySync              00001bca f   Stm:StmInit.obj
 0001:000019f1       _UnknownHandlerSmi         00001c51 f   Stm:SmiHandler.obj
 0001:00001a22       _StmHandlerSmi             00001c82 f   Stm:SmiHandler.obj
 0001:00001b7b       _Is1GPageSupport           00001ddb f   Stm:Paging.obj
 0001:00001c09       _StmPageFault              00001e69 f   Stm:Paging.obj
 0001:00001c55       _GetNextEmpty              00001eb5 f   Stm:EventLog.obj
 0001:00001dc1       _AddEventLog               00002021 f   Stm:EventLog.obj
 0001:00001e9a       _AddEventLogForResource    000020fa f   Stm:EventLog.obj
 0001:00001ef5       _DumpEventLogHeader        00002155 f   Stm:EventLog.obj
 0001:00001f09       _DumpEventLogEntry         00002169 f   Stm:EventLog.obj
 0001:0000201d       _LaunchPeVm                0000227d f   Stm:PeLoadVm.obj
 0001:00002381       _RunPermVM                 000025e1 f   Stm:PeLoadVm.obj
 0001:00002460       _PostPeVmProc              000026c0 f   Stm:PeLoadVm.obj
 0001:000029ae       _FreePE_DataStructures     00002c0e f   Stm:PeLoadVm.obj
 0001:00002a23       _save_Inter_PeVm           00002c83 f   Stm:PeLoadVm.obj
 0001:00002a66       _RestoreInterPeVm          00002cc6 f   Stm:PeLoadVm.obj
 0001:00002b1f       _print_region_list         00002d7f f   Stm:PeLoadVm.obj
 0001:00002bb8       _enable_nmi                00002e18 f   Stm:PeLoadVm.obj
 0001:00002beb       _NullExceptionHandler      00002e4b f   Stm:PeLoadVm.obj
 0001:00002c35       _InitPe                    00002e95 f   Stm:PeLoadVm.obj
 0001:00002cc9       _GetFixedMtrrStructInfo    00002f29 f   Stm:EptInit.obj
 0001:00002d11       _GetMtrr                   00002f71 f   Stm:EptInit.obj
 0001:00002e31       _GetMemoryType             00003091 f   Stm:EptInit.obj
 0001:00002fc9       _EptCreatePageTable        00003229 f   Stm:EptInit.obj
 0001:00003014       _EptAllocatePte            00003274 f   Stm:EptInit.obj
 0001:000031ff       _EptDumpPageTable          0000345f f   Stm:EptInit.obj
 0001:00003384       _EptInit                   000035e4 f   Stm:EptInit.obj
 0001:00003625       _SetIoBitmapEx             00003885 f   Stm:IoInit.obj
 0001:0000366f       _SetIoBitmapRange          000038cf f   Stm:IoInit.obj
 0001:00003697       _ApicToIndex               000038f7 f   Stm:SmmMp.obj
 0001:000036db       _InitializeSmiVmcs         0000393b f   Stm:VmcsInit.obj
 0001:000039bd       _InitializeSmmVmcs         00003c1d f   Stm:VmcsInit.obj
 0001:000042c1       _AllocatePages             00004521 f   Stm:Memory.obj
 0001:00004383       _FreePages                 000045e3 f   Stm:Memory.obj
 0001:00004457       _ReadLocalApicId           000046b7 f   Stm:Cpu.obj
 0001:0000449f       _IsXStateSupoprted         000046ff f   Stm:Cpu.obj
 0001:000044f3       _BaseFromGdtEntry          00004753 f   Stm:Cpu.obj
 0001:0000450a       _LimitFromGdtEntry         0000476a f   Stm:Cpu.obj
 0001:00004528       _SmmSetup                  00004788 f   Stm:SmmSetup.obj
 0001:0000473c       _DumpStmResourceHeader     0000499c f   Stm:StmResource.obj
 0001:00004792       _DumpStmResourceNode       000049f2 f   Stm:StmResource.obj
 0001:00004abe       _DumpStmResource           00004d1e f   Stm:StmResource.obj
 0001:00004af3       _GetLastNodeBus            00004d53 f   Stm:StmResource.obj
 0001:00004b67       _IsPciResourceNodeValid    00004dc7 f   Stm:StmResource.obj
 0001:00004c8f       _IsResourceNodeValid       00004eef f   Stm:StmResource.obj
 0001:00004f0f       _IsOverlap                 0000516f f   Stm:StmResource.obj
 0001:00004f34       _IsResourceListValid       00005194 f   Stm:StmResource.obj
 0001:00004f75       _IsResourceNodeOverlap     000051d5 f   Stm:StmResource.obj
 0001:000051ed       _IsResourceListOverlapWithNode 0000544d f   Stm:StmResource.obj
 0001:00005241       _IsResourceListOverlap     000054a1 f   Stm:StmResource.obj
 0001:0000529e       _GetSizeFromThisResourceList 000054fe f   Stm:StmResource.obj
 0001:000052de       _GetSizeFromResource       0000553e f   Stm:StmResource.obj
 0001:000053a0       _GetSizeFromResourceWithType 00005600 f   Stm:StmResource.obj
 0001:000054ca       _CopyStmResourceMem        0000572a f   Stm:StmResource.obj
 0001:0000550c       _GetStmResourceMem         0000576c f   Stm:StmResource.obj
 0001:0000557a       _GetStmResourceIo          000057da f   Stm:StmResource.obj
 0001:000055c4       _GetStmResourcePci         00005824 f   Stm:StmResource.obj
 0001:00005645       _GetStmResourceMsr         000058a5 f   Stm:StmResource.obj
 0001:0000567e       _AddProtectedResource      000058de f   Stm:StmResource.obj
 0001:00005751       _AddProtectedResourceWithType 000059b1 f   Stm:StmResource.obj
 0001:00005876       _DeleteProtectedResourceNode 00005ad6 f   Stm:StmResource.obj
 0001:000058f0       _DeleteProtectedResource   00005b50 f   Stm:StmResource.obj
 0001:00005924       _RegisterProtectedResourceNode 00005b84 f   Stm:StmResource.obj
 0001:00005aa8       _RegisterProtectedResource 00005d08 f   Stm:StmResource.obj
 0001:00005ae0       _UnRegisterProtectedResourceNode 00005d40 f   Stm:StmResource.obj
 0001:00005c4c       _UnRegisterProtectedResource 00005eac f   Stm:StmResource.obj
 0001:00005c84       _GetEndNodeOfThisList      00005ee4 f   Stm:StmResource.obj
 0001:00005ca4       _RawDuplicateResource      00005f04 f   Stm:StmResource.obj
 0001:00005d1e       _RawFreeResource           00005f7e f   Stm:StmResource.obj
 0001:00005d67       _DuplicateResource         00005fc7 f   Stm:StmResource.obj
 0001:00005daa       _RegisterBiosResourceNode  0000600a f   Stm:StmResource.obj
 0001:00005f42       _RegisterBiosResource      000061a2 f   Stm:StmResource.obj
 0001:00005f72       _InitStmHandlerSmm         000061d2 f   Stm:SmmHandler.obj
 0001:00006010       _UnknownHandlerSmm         00006270 f   Stm:SmmHandler.obj
 0001:00006096       _StmHandlerSmm             000062f6 f   Stm:SmmHandler.obj
 0001:000061d4       _PeCoffRelocateImageOnTheSpot 00006434 f   Stm:Relocate.obj
 0001:00006304       _RelocateStmImage          00006564 f   Stm:Relocate.obj
 0001:000063b2       _SetMsrBitmapEx            00006612 f   Stm:MsrInit.obj
 0001:0000643b       _SetAllMsrBitmaps          0000669b f   Stm:MsrInit.obj
 0001:000064bf       _DumpExceptionIa32         0000671f f   Stm:StmExceptionHandler.obj
 0001:00006646       _HostExceptionHandler      000068a6 f   Stm:StmExceptionHandler.obj
 0001:0000665a       _DumpVmcs16Filed           000068ba f   Stm:Dump.obj
 0001:0000667b       _DumpVmcs64Filed           000068db f   Stm:Dump.obj
 0001:00006699       _DumpVmcs32Filed           000068f9 f   Stm:Dump.obj
 0001:000066b7       _DumpVmcsAllField          00006917 f   Stm:Dump.obj
 0001:000067be       _DumpRegContext            00006a1e f   Stm:Dump.obj
 0001:000067ef       _SmiEventHandler           00006a4f f   Stm:SmiEventHandler.obj
 0001:00006a5f       _SmiVmcallInitializeProtectionHandler 00006cbf f   Stm:SmiVmcallHandler.obj
 0001:00006a73       _SmiVmcallStartHandler     00006cd3 f   Stm:SmiVmcallHandler.obj
 0001:00006af7       _SmiVmcallStopHandler      00006d57 f   Stm:SmiVmcallHandler.obj
 0001:00006b6d       _SmiVmcallProtectResourceHandler 00006dcd f   Stm:SmiVmcallHandler.obj
 0001:00006cc7       _SmiVmcallUnprotectResourceHandler 00006f27 f   Stm:SmiVmcallHandler.obj
 0001:00006d5c       _SmiVmcallGetBiosResourcesHandler 00006fbc f   Stm:SmiVmcallHandler.obj
 0001:00006ed0       _SmiVmcallManageVmcsDatabaseHandler 00007130 f   Stm:SmiVmcallHandler.obj
 0001:00006f7b       _SmiVmcallEventNewLogHandler 000071db f   Stm:SmiVmcallHandler.obj
 0001:00007098       _SmiVmcallEventConfigureLogHandler 000072f8 f   Stm:SmiVmcallHandler.obj
 0001:000070ff       _SmiVmcallEventStartLogHandler 0000735f f   Stm:SmiVmcallHandler.obj
 0001:0000716a       _SmiVmcallEventStopLogHandler 000073ca f   Stm:SmiVmcallHandler.obj
 0001:000071cb       _SmiVmcallEventClearLogHandler 0000742b f   Stm:SmiVmcallHandler.obj
 0001:00007222       _SmiVmcallEventDeleteLogHandler 00007482 f   Stm:SmiVmcallHandler.obj
 0001:0000726d       _SmiVmcallManageEventLogHandler 000074cd f   Stm:SmiVmcallHandler.obj
 0001:00007311       _SmiVmcallAddTempPeVmHandler 00007571 f   Stm:SmiVmcallHandler.obj
 0001:00007392       _SmiVmcallAddPermPeVmHandler 000075f2 f   Stm:SmiVmcallHandler.obj
 0001:00007413       _SmiVmcallAddPermPeVmNoRunHandler 00007673 f   Stm:SmiVmcallHandler.obj
 0001:0000749d       _SmiVmcallRunPeVmHandler   000076fd f   Stm:SmiVmcallHandler.obj
 0001:00007528       _SmiVmcallEndPermVmHandler 00007788 f   Stm:SmiVmcallHandler.obj
 0001:000075a2       _SmiVmcallHandler          00007802 f   Stm:SmiVmcallHandler.obj
 0001:0000771a       _StartTimer                0000797a f   Stm:PePciHandler.obj
 0001:0000777c       _SetEndOfSmi               000079dc f   Stm:PePciHandler.obj
 0001:000077d8       _AckTimer                  00007a38 f   Stm:PePciHandler.obj
 0001:0000782e       _StopSwTimer               00007a8e f   Stm:PePciHandler.obj
 0001:0000788c       _CheckTimerSTS             00007aec f   Stm:PePciHandler.obj
 0001:000078d3       _SetTimerRate              00007b33 f   Stm:PePciHandler.obj
 0001:000078f4       _PeEPTViolationHandler     00007b54 f   Stm:PeEptHandler.obj
 0001:00007bbd       _PeEPTMisconfigurationHandler 00007e1d f   Stm:PeEptHandler.obj
 0001:00007c02       _PeInvEPTHandler           00007e62 f   Stm:PeEptHandler.obj
 0001:00007c42       _PeEptFree                 00007ea2 f   Stm:PeEptHandler.obj
 0001:00007d76       _PeInitStmHandlerSmm       00007fd6 f   Stm:PeSmmHandler.obj
 0001:00007e63       _PeStmHandlerSmm           000080c3 f   Stm:PeSmmHandler.obj
 0001:00008070       _SetupProtExecVm           000082d0 f   Stm:PeVmcsInit.obj
 0001:000086fa       _GetMultiProcessorState    0000895a f   Stm:PeVmxState.obj
 0001:00008805       _GetRootVmxState           00008a65 f   Stm:PeVmxState.obj
 0001:00008b4e       _SetupGetRootVmxState      00008dae f   Stm:PeVmxState.obj
 0001:00008d13       _PrintVmxState             00008f73 f   Stm:PeVmxState.obj
 0001:00008e7e       _PageAttributeToLength     000090de f   Stm:SmmEptHandler.obj
 0001:00008ea4       _GetPageTableEntry         00009104 f   Stm:SmmEptHandler.obj
 0001:00009086       _TranslateEPTGuestToHost   000092e6 f   Stm:SmmEptHandler.obj
 0001:00009164       _EPTSetPageAttributeRange  000093c4 f   Stm:SmmEptHandler.obj
 0001:000094ec       _SmmEPTViolationHandler    0000974c f   Stm:SmmEptHandler.obj
 0001:000097ce       _SmmEPTMisconfigurationHandler 00009a2e f   Stm:SmmEptHandler.obj
 0001:000097e9       _SmmInvEPTHandler          00009a49 f   Stm:SmmEptHandler.obj
 0001:00009804       _Ia32PAESync               00009a64 f   Stm:SmmEptHandler.obj
 0001:00009895       _WriteSyncSmmStateSaveAreaIa32eGpr 00009af5 f   Stm:SmmStateSyncIa32eGpr.obj
 0001:000098f8       _StmTxtReset               00009b58 f   Stm:SmmVmcallHandler.obj
 0001:0000992b       _IsGuestAddressValid       00009b8b f   Stm:SmmVmcallHandler.obj
 0001:00009b55       _SmmVmcallMapAddressRangeHandler 00009db5 f   Stm:SmmVmcallHandler.obj
 0001:00009c0c       _SmmVmcallUnmapAddressRangeHandler 00009e6c f   Stm:SmmVmcallHandler.obj
 0001:00009c7d       _SmmVmcallAddressLookupHandler 00009edd f   Stm:SmmVmcallHandler.obj
 0001:00009f12       _SmmVmcallReturnFromProtectionExceptionHandler 0000a172 f   Stm:SmmVmcallHandler.obj
 0001:00009f55       _SmmVmcallHandler          0000a1b5 f   Stm:SmmVmcallHandler.obj
 0001:0000a055       _RsmHandler                0000a2b5 f   Stm:SmmRsmHandler.obj
 0001:0000a31b       _SmmExceptionHandler       0000a57b f   Stm:SmmExceptionHandler.obj
 0001:0000a331       _SmmTaskSwitchHandler      0000a591 f   Stm:SmmTaskSwitchHandler.obj
 0001:0000aae2       _SmmCpuidHandler           0000ad42 f   Stm:SmmCpuidHandler.obj
 0001:0000ab71       _SmmReadMsrHandler         0000add1 f   Stm:SmmMsrHandler.obj
 0001:0000ad14       _SmmWriteMsrHandler        0000af74 f   Stm:SmmMsrHandler.obj
 0001:0000b01d       _SmmIoHandler              0000b27d f   Stm:SmmIoHandler.obj
 0001:0000b503       _SmmInvdHandler            0000b763 f   Stm:SmmCacheHandler.obj
 0001:0000b503       _SmmWbinvdHandler          0000b763 f   Stm:SmmCacheHandler.obj
 0001:0000b52f       _SmmCrHandler              0000b78f f   Stm:SmmCrHandler.obj
 0001:0000ba51       _WriteSyncSmmStateSaveArea 0000bcb1 f   Stm:SmmStateSync.obj
 0001:0000bfb3       _ReadSyncSmmStateSaveArea  0000c213 f   Stm:SmmStateSync.obj
 0001:0000c0ed       _PeSmiHandler              0000c34d f   Stm:PeSmiHandler.obj
 0001:0000c2d8       _GetVmcsRecord             0000c538 f   Stm:VmcsRecord.obj
 0001:0000c31f       _RequestVmcsDatabaseEntry  0000c57f f   Stm:VmcsRecord.obj
 0001:0000c3ea       _DumpVmcsRecord            0000c64a f   Stm:VmcsRecord.obj
 0001:0000c4d6       _AddPeVm                   0000c736 f   Stm:PeSmiVmcallHandler.obj
 0001:0000d0c9       _RestoreStmData            0000d329 f   Stm:StmTearDown.obj
 0001:0000d12e       _StmTeardown               0000d38e f   Stm:StmTearDown.obj
 0001:0000d23c       _SmmTeardown               0000d49c f   Stm:SmmTearDown.obj
 0001:0000d457       _PePreEmptionTimerHandler  0000d6b7 f   Stm:PeSmmPreemptionTimerHandler.obj
 0001:0000d490       _PeCrHandler               0000d6f0 f   Stm:PeSmmCrHandler.obj
 0001:0000d4d0       _PeBadGuestStateHandler    0000d730 f   Stm:PeSmmBadGuestStateHandler.obj
 0001:0000d540       _PeIoHandler               0000d7a0 f   Stm:PeSmmIoHandler.obj
 0001:0000d6c6       _PeSmmVmcallMapAddressRangeHandler 0000d926 f   Stm:PeSmmVmcallHandler.obj
 0001:0000d854       _PeSmmVmcallGetVmcsMap     0000dab4 f   Stm:PeSmmVmcallHandler.obj
 0001:0000d908       _PeSmmVmcallHandler        0000db68 f   Stm:PeSmmVmcallHandler.obj
 0001:0000da10       _PeReadMsrHandler          0000dc70 f   Stm:PeSmmMsrHandler.obj
 0001:0000daf1       _PeWriteMsrHandler         0000dd51 f   Stm:PeSmmMsrHandler.obj
 0001:0000dcc8       _PeRsmHandler              0000df28 f   Stm:PeSmmRsmHandler.obj
 0001:0000dd9f       _PeExceptionHandler        0000dfff f   Stm:PeSmmExceptionHandler.obj
 0001:0000dfd1       _PeCpuidHandler            0000e231 f   Stm:PeSmmCpuidHandler.obj
 0001:0000e011       _InitPeGuestVmcs           0000e271 f   Stm:PeVmcsInit.obj
 0001:0000e70d       _MapVmcs                   0000e96d f   Stm:VmcsMapper.obj
 0001:0000e983       _GetVmcsOffset             0000ebe3 f   Stm:VmcsMapper.obj
 0001:0000e9da       _SignalPeVm                0000ec3a f   Stm:PeApicHandler.obj
 0001:0000eab8       _SendSmiToOtherProcessors  0000ed18 f   Stm:PeApicHandler.obj
 0001:0000eb6c       _TranslateGuestLinearToPhysical 0000edcc f   Stm:PageTable.obj
 0001:0000ed86       _GuestLinearToGuestPhysical 0000efe6 f   Stm:PageTable.obj
 0001:0000edc2       _MapLinearAddressOneEntry  0000f022 f   Stm:PageTable.obj
 0001:0000efea       _MapVirtualAddressToPhysicalAddress 0000f24a f   Stm:PageTable.obj
 0001:0000f0ab       _UnmapLinearAddressOneEntry 0000f30b f   Stm:PageTable.obj
 0001:0000f2a9       _UnmapVirtualAddressToPhysicalAddress 0000f509 f   Stm:PageTable.obj
 0001:0000f356       _ResumeToBiosExceptionHandler 0000f5b6 f   Stm:SmmException.obj
 0001:0000f61a       _ReturnFromBiosExceptionHandler 0000f87a f   Stm:SmmException.obj
 0001:0000f788       _SerialPortWrite           0000f9e8 f   PcAtSerialPortLib:SerialPortLib.obj
 0001:0000f7b3       _DebugPrint                0000fa13 f   MpSafDebugLibSerialPort:DebugLib.obj
 0001:0000f833       _DebugAssert               0000fa93 f   MpSafDebugLibSerialPort:DebugLib.obj
 0001:0000f893       _InitializeSpinLock        0000faf3 f   SimpleSynchronizationLib:SynchronizationMsc.obj
 0001:0000f8b4       _AcquireSpinLock           0000fb14 f   SimpleSynchronizationLib:SynchronizationMsc.obj
 0001:0000f918       _ReleaseSpinLock           0000fb78 f   SimpleSynchronizationLib:SynchronizationMsc.obj
 0001:0000f96c       _InterlockedIncrement      0000fbcc f   SimpleSynchronizationLib:SynchronizationMsc.obj
 0001:0000f994       _InterlockedDecrement      0000fbf4 f   SimpleSynchronizationLib:SynchronizationMsc.obj
 0001:0000f9bc       _InterlockedCompareExchange32 0000fc1c f   SimpleSynchronizationLib:SynchronizationMsc.obj
 0001:0000f9eb       _MmioRead16                0000fc4b f   BaseIoLibIntrinsic:IoLib.obj
 0001:0000fa0e       _MmioRead32                0000fc6e f   BaseIoLibIntrinsic:IoLib.obj
 0001:0000fa2d       _MmioWrite32               0000fc8d f   BaseIoLibIntrinsic:IoLib.obj
 0001:0000fa4e       _MmioRead64                0000fcae f   BaseIoLibIntrinsic:IoLib.obj
 0001:0000fa70       _IoRead16                  0000fcd0 f   BaseIoLibIntrinsic:IoLibMsc.obj
 0001:0000fa99       _IoWrite16                 0000fcf9 f   BaseIoLibIntrinsic:IoLibMsc.obj
 0001:0000fac4       _IoRead32                  0000fd24 f   BaseIoLibIntrinsic:IoLibMsc.obj
 0001:0000fae9       _IoWrite32                 0000fd49 f   BaseIoLibIntrinsic:IoLibMsc.obj
 0001:0000fb12       _CopyMem                   0000fd72 f   BaseMemoryLib:CopyMemWrapper.obj
 0001:0000fb90       _ZeroMem                   0000fdf0 f   BaseMemoryLib:ZeroMemWrapper.obj
 0001:0000fbd9       _CompareMem                0000fe39 f   BaseMemoryLib:CompareMemWrapper.obj
 0001:0000fc78       _CpuDeadLoop               0000fed8 f   BaseLib:CpuDeadLoop.obj
 0001:0000fc8c       _AsmWriteIdtr              0000feec f   BaseLib:X86WriteIdtr.obj
 0001:0000fcb2       _RShiftU64                 0000ff12 f   BaseLib:RShiftU64.obj
 0001:0000fce8       _ReadUnaligned32           0000ff48 f   BaseLib:Unaligned.obj
 0001:0000fd06       _WriteUnaligned32          0000ff66 f   BaseLib:Unaligned.obj
 0001:0000fd26       _LShiftU64                 0000ff86 f   BaseLib:LShiftU64.obj
 0001:0000fd5c       _StrLen                    0000ffbc f   BaseLib:String.obj
 0001:0000fdc7       _AsciiStrLen               00010027 f   BaseLib:String.obj
 0001:0000fe14       _DivU64x32                 00010074 f   BaseLib:DivU64x32.obj
 0001:0000fe44       _SetJump                   000100a4 f   BaseLib:SetJump.obj
 0001:0000fe67       _InternalAssertJumpBuffer  000100c7 f   BaseLib:SetJump.obj
 0001:0000fe9d       _InternalLongJump          000100fd f   BaseLib:LongJump.obj
 0001:0000feb1       _GetTxtSinitToMleData      00010111 f   StmLib:Smx.obj
 0001:0000fecc       _VmRead16                  0001012c f   StmLib:Vmx.obj
 0001:0000fefe       _VmRead32                  0001015e f   StmLib:Vmx.obj
 0001:0000fefe       _VmReadN                   0001015e f   StmLib:Vmx.obj
 0001:0000ff2f       _VmWrite16                 0001018f f   StmLib:Vmx.obj
 0001:0000ff5b       _VmWrite32                 000101bb f   StmLib:Vmx.obj
 0001:0000ff8c       _VmWriteN                  000101ec f   StmLib:Vmx.obj
 0001:0000ffc2       _VmRead64                  00010222 f   StmLib:Vmx64.obj
 0001:0001002b       _VmWrite64                 0001028b f   StmLib:Vmx64.obj
 0001:00010094       _AsciiSPrint               000102f4 f   BasePrintLib:PrintLib.obj
 0001:000100b2       _BasePrintLibFillBuffer    00010312 f   BasePrintLib:PrintLibInternal.obj
 0001:000100de       _BasePrintLibValueToString 0001033e f   BasePrintLib:PrintLibInternal.obj
 0001:0001013c       _BasePrintLibSPrintMarker  0001039c f   BasePrintLib:PrintLibInternal.obj
 0001:00010a57       _BasePrintLibSPrint        00010cb7 f   BasePrintLib:PrintLibInternal.obj
 0001:00010a76       _PciExpressRead8           00010cd6 f   BasePciExpressLib:PciExpressLib.obj
 0001:00010aa1       _PciExpressRead16          00010d01 f   BasePciExpressLib:PciExpressLib.obj
 0001:00010ae0       __ModuleEntryPoint         00010d40 f   Stm:AsmStmInit.obj
 0001:00010b50       _AsmHostEntrypointSmi      00010db0 f   Stm:VmExit.obj
 0001:00010b65       _AsmHostEntrypointSmm      00010dc5 f   Stm:VmExit.obj
 0001:00010b80       _AsmExceptionHandlers      00010de0     Stm:Exception.obj
 0001:00010c80       _CommonInterruptEntry      00010ee0 f   Stm:Exception.obj
 0001:00010da0       _AsmHostEntrypointSmmPe    00011000 f   Stm:PeVmExit.obj
 0001:00010dc0       _AsmVmClear                00011020 f   StmLib:AsmVmClear.obj
 0001:00010dd0       _AsmVmLaunch               00011030 f   StmLib:AsmVmLaunch.obj
 0001:00010e00       _AsmVmPtrStore             00011060 f   StmLib:AsmVmPtrStore.obj
 0001:00010e10       _AsmVmPtrLoad              00011070 f   StmLib:AsmVmPtrLoad.obj
 0001:00010e20       _AsmVmResume               00011080 f   StmLib:AsmVmResume.obj
 0001:00010e50       _AsmTestAndReset           000110b0 f   StmLib:AsmTestAndReset.obj
 0001:00010e70       _AsmTestAndSet             000110d0 f   StmLib:AsmTestAndSet.obj
 0001:00010e90       _AsmSendInt2               000110f0 f   StmLib:AsmSendInt2.obj
 0001:00010ea0       _AsmInvEpt                 00011100 f   StmLib:AsmInvEpt.obj
 0001:00010eb0       _AsmVmWrite                00011110 f   StmLib:AsmVmWrite.obj
 0001:00010ec0       _AsmVmRead                 00011120 f   StmLib:AsmVmRead.obj
 0002:0000001c       ??_C@_0BE@EOEIEHNM@TXT?5MsegBase?9?5?$CF08x?6?$AA@ 0001115c     Stm:StmInit.obj
 0002:00000030       ??_C@_0BH@BBPGLOOE@TXT?5MsegLength?5?9?5?$CF08x?6?$AA@ 00011170     Stm:StmInit.obj
 0002:00000048       ??_C@_0BH@LMMPPIFC@MsegBase?5?$CIMSR?$CJ?5?9?5?$CF08x?6?$AA@ 00011188     Stm:StmInit.obj
 0002:00000060       ??_C@_0CB@PMGKJEMK@MsegLength?5?$CIend?5of?5TSEG?$CJ?5?9?5?$CF08x?6@ 000111a0     Stm:StmInit.obj
 0002:00000084       ??_C@_0P@HGLLOCGO@MsegBase?5?$DN?$DN?50?6?$AA@ 000111c4     Stm:StmInit.obj
 0002:00000094       ??_C@_0DI@CBKNGIKB@?5?5?5?$CK?$CK?$CK?$CK?$CK?$CK?$CK?$CK?$CK?$CK?$CK?$CK?$CK?$CK?$CK?$CK?$CK?$CK?$CK?$CK?$CK?$CK?5STM?1PE@ 000111d4     Stm:StmInit.obj
 0002:000000cc       ??_C@_08LAIOMKH@13?354?347?$AA@ 0001120c     Stm:StmInit.obj
 0002:000000d8       ??_C@_0M@PAOKDMFI@Jul?512?52018?$AA@ 00011218     Stm:StmInit.obj
 0002:000000e4       ??_C@_0BO@LIHMPNGH@?$CB?$CB?$CBSTM?5build?5time?5?9?5?$CFa?5?$CFa?$CB?$CB?$CB?6?$AA@ 00011224     Stm:StmInit.obj
 0002:00000104       ??_C@_0BL@HNNCEJHJ@?$CB?$CB?$CBSTM?5Relocation?5DONE?$CB?$CB?$CB?6?$AA@ 00011244     Stm:StmInit.obj
 0002:00000120       ??_C@_0CF@MDFMOPE@?$CB?$CB?$CBEnter?5StmInit?5?$CIBSP?$CJ?$CB?$CB?$CB?5?9?5?$CFd?5?$CI@ 00011260     Stm:StmInit.obj
 0002:00000148       ??_C@_0CA@OLNNMDFD@CpuNumber?5from?5TXT?5Region?5?9?5?$CFd?6?$AA@ 00011288     Stm:StmInit.obj
 0002:00000168       ??_C@_0N@JACAOJPG@Rsdp?5?9?5?$CF08x?6?$AA@ 000112a8     Stm:StmInit.obj
 0002:00000178       ??_C@_0N@JJMLEJIM@Rsdt?5?9?5?$CF08x?6?$AA@ 000112b8     Stm:StmInit.obj
 0002:00000188       ??_C@_0BA@DDIJOKAH@RsdtLen?5?9?5?$CF08x?6?$AA@ 000112c8     Stm:StmInit.obj
 0002:00000198       ??_C@_0P@IBLFAEPD@Xsdt?5?9?5?$CF016lx?6?$AA@ 000112d8     Stm:StmInit.obj
 0002:000001a8       ??_C@_0BA@MHDKFACL@XsdtLen?5?9?5?$CF08x?6?$AA@ 000112e8     Stm:StmInit.obj
 0002:000001b8       ??_C@_0BP@FFLEKAFJ@CpuNumber?5from?5ACPI?5MADT?5?9?5?$CFd?6?$AA@ 000112f8     Stm:StmInit.obj
 0002:000001d8       ??_C@_0BD@HKHBANN@HeapBottom?5?9?5?$CF08x?6?$AA@ 00011318     Stm:StmInit.obj
 0002:000001ec       ??_C@_0BD@LAAPDBLM@HeapTop?5?5?5?5?9?5?$CF08x?6?$AA@ 0001132c     Stm:StmInit.obj
 0002:00000200       ??_C@_0CG@KBPJDDE@TxtProcessorSmmDescriptor?5?5?5?5?5?9?5@ 00011340     Stm:StmInit.obj
 0002:00000228       ??_C@_0CI@DOMMCINA@?5?5Signature?5?5?5?5?5?5?5?5?5?5?5?5?5?5?5?5?5?5?5?9?5@ 00011368     Stm:StmInit.obj
 0002:00000250       ??_C@_0CG@OEJGABMG@?5?5Size?5?5?5?5?5?5?5?5?5?5?5?5?5?5?5?5?5?5?5?5?5?5?5?5?9?5@ 00011390     Stm:StmInit.obj
 0002:00000278       ??_C@_0CG@OOGJHCOA@?5?5SmmDescriptorVerMajor?5?5?5?5?5?5?5?9?5@ 000113b8     Stm:StmInit.obj
 0002:000002a0       ??_C@_0CG@OMGALIGD@?5?5SmmDescriptorVerMinor?5?5?5?5?5?5?5?9?5@ 000113e0     Stm:StmInit.obj
 0002:000002c8       ??_C@_0CG@ILDPIAOC@?5?5LocalApicId?5?5?5?5?5?5?5?5?5?5?5?5?5?5?5?5?5?9?5@ 00011408     Stm:StmInit.obj
 0002:000002f0       ??_C@_0CG@KKLIELCN@?5?5ExecutionDisableOutsideSmrr?5?9?5@ 00011430     Stm:StmInit.obj
 0002:00000318       ??_C@_0CG@LMJNGLPJ@?5?5Intel64Mode?5?5?5?5?5?5?5?5?5?5?5?5?5?5?5?5?5?9?5@ 00011458     Stm:StmInit.obj
 0002:00000340       ??_C@_0CG@HOKNPECJ@?5?5Cr4Pae?5?5?5?5?5?5?5?5?5?5?5?5?5?5?5?5?5?5?5?5?5?5?9?5@ 00011480     Stm:StmInit.obj
 0002:00000368       ??_C@_0CG@FLDBJHNF@?5?5Cr4Pse?5?5?5?5?5?5?5?5?5?5?5?5?5?5?5?5?5?5?5?5?5?5?9?5@ 000114a8     Stm:StmInit.obj
 0002:00000390       ??_C@_0CG@MPAJGNB@?5?5SmramToVmcsRestoreRequired?5?5?9?5@ 000114d0     Stm:StmInit.obj
 0002:000003b8       ??_C@_0CG@BOKLJGPC@?5?5ReinitializeVmcsRequired?5?5?5?5?9?5@ 000114f8     Stm:StmInit.obj
 0002:000003e0       ??_C@_0CG@BGGONCPN@?5?5DomainType?5?5?5?5?5?5?5?5?5?5?5?5?5?5?5?5?5?5?9?5@ 00011520     Stm:StmInit.obj
 0002:00000408       ??_C@_0CG@MAKKAOAK@?5?5XStatePolicy?5?5?5?5?5?5?5?5?5?5?5?5?5?5?5?5?9?5@ 00011548     Stm:StmInit.obj
 0002:00000430       ??_C@_0CG@HHOJDOAE@?5?5EptEnabled?5?5?5?5?5?5?5?5?5?5?5?5?5?5?5?5?5?5?9?5@ 00011570     Stm:StmInit.obj
 0002:00000458       ??_C@_0CG@MJNOECLI@?5?5SmmCs?5?5?5?5?5?5?5?5?5?5?5?5?5?5?5?5?5?5?5?5?5?5?5?9?5@ 00011598     Stm:StmInit.obj
 0002:00000480       ??_C@_0CG@EJADLAGB@?5?5SmmDs?5?5?5?5?5?5?5?5?5?5?5?5?5?5?5?5?5?5?5?5?5?5?5?9?5@ 000115c0     Stm:StmInit.obj
 0002:000004a8       ??_C@_0CG@BABFEBAK@?5?5SmmSs?5?5?5?5?5?5?5?5?5?5?5?5?5?5?5?5?5?5?5?5?5?5?5?9?5@ 000115e8     Stm:StmInit.obj
 0002:000004d0       ??_C@_0CG@HOGPIABG@?5?5SmmOtherSegment?5?5?5?5?5?5?5?5?5?5?5?5?5?9?5@ 00011610     Stm:StmInit.obj
 0002:000004f8       ??_C@_0CG@GBBCLGHJ@?5?5SmmTr?5?5?5?5?5?5?5?5?5?5?5?5?5?5?5?5?5?5?5?5?5?5?5?9?5@ 00011638     Stm:StmInit.obj
 0002:00000520       ??_C@_0CI@BLNOCAGF@?5?5SmmCr3?5?5?5?5?5?5?5?5?5?5?5?5?5?5?5?5?5?5?5?5?5?5?9?5@ 00011660     Stm:StmInit.obj
 0002:00000548       ??_C@_0CI@NPHLPLMN@?5?5SmmStmSetupRip?5?5?5?5?5?5?5?5?5?5?5?5?5?5?9?5@ 00011688     Stm:StmInit.obj
 0002:00000570       ??_C@_0CI@EGFMNAKJ@?5?5SmmStmTeardownRip?5?5?5?5?5?5?5?5?5?5?5?9?5@ 000116b0     Stm:StmInit.obj
 0002:00000598       ??_C@_0CI@FPPIIHMJ@?5?5SmmSmiHandlerRip?5?5?5?5?5?5?5?5?5?5?5?5?9?5@ 000116d8     Stm:StmInit.obj
 0002:000005c0       ??_C@_0CI@CLKFAIEF@?5?5SmmSmiHandlerRsp?5?5?5?5?5?5?5?5?5?5?5?5?9?5@ 00011700     Stm:StmInit.obj
 0002:000005e8       ??_C@_0CI@KEHHGOBB@?5?5SmmGdtPtr?5?5?5?5?5?5?5?5?5?5?5?5?5?5?5?5?5?5?5?9?5@ 00011728     Stm:StmInit.obj
 0002:00000610       ??_C@_0CG@IEEDDOHD@?5?5SmmGdtSize?5?5?5?5?5?5?5?5?5?5?5?5?5?5?5?5?5?5?9?5@ 00011750     Stm:StmInit.obj
 0002:00000638       ??_C@_0CG@NDIHEJJG@?5?5RequiredStmSmmRevId?5?5?5?5?5?5?5?5?5?9?5@ 00011778     Stm:StmInit.obj
 0002:00000660       ??_C@_0CC@BHLBBNLE@?5?5StmProtectionExceptionHandler?3@ 000117a0     Stm:StmInit.obj
 0002:00000684       ??_C@_0CI@EAGNHKGO@?5?5?5?5SpeRip?5?5?5?5?5?5?5?5?5?5?5?5?5?5?5?5?5?5?5?5?9?5@ 000117c4     Stm:StmInit.obj
 0002:000006ac       ??_C@_0CI@IGOFCNMG@?5?5?5?5SpeRsp?5?5?5?5?5?5?5?5?5?5?5?5?5?5?5?5?5?5?5?5?9?5@ 000117ec     Stm:StmInit.obj
 0002:000006d4       ??_C@_0CG@CCGFBIHE@?5?5?5?5SpeSs?5?5?5?5?5?5?5?5?5?5?5?5?5?5?5?5?5?5?5?5?5?9?5@ 00011814     Stm:StmInit.obj
 0002:000006fc       ??_C@_0CG@DFKBGDFF@?5?5?5?5PageViolationException?5?5?5?5?9?5@ 0001183c     Stm:StmInit.obj
 0002:00000724       ??_C@_0CG@DDLOHBIC@?5?5?5?5MsrViolationException?5?5?5?5?5?9?5@ 00011864     Stm:StmInit.obj
 0002:0000074c       ??_C@_0CG@JJLJCACG@?5?5?5?5RegisterViolationException?9?5@ 0001188c     Stm:StmInit.obj
 0002:00000774       ??_C@_0CG@OINEBKIC@?5?5?5?5IoViolationException?5?5?5?5?5?5?9?5@ 000118b4     Stm:StmInit.obj
 0002:0000079c       ??_C@_0CG@LBHJKDIO@?5?5?5?5PciViolationException?5?5?5?5?5?9?5@ 000118dc     Stm:StmInit.obj
 0002:000007c4       ??_C@_0CI@MCFCHIMO@?5?5BiosHwResourceRequirements?5?5?9?5@ 00011904     Stm:StmInit.obj
 0002:000007ec       ??_C@_0CI@FEHOIHFB@?5?5AcpiRsdp?5?5?5?5?5?5?5?5?5?5?5?5?5?5?5?5?5?5?5?5?9?5@ 0001192c     Stm:StmInit.obj
 0002:00000814       ??_C@_0CG@NJBNHJFM@?5?5PhysicalAddressBits?5?5?5?5?5?5?5?5?5?9?5@ 00011954     Stm:StmInit.obj
 0002:0000083c       ??_C@_0CK@LLBBFFCP@TXT?5Descriptor?5Signature?5ERROR?5?9@ 0001197c     Stm:StmInit.obj
 0002:00000868       ??_C@_0DI@GLNMANP@Version?5?499?5Bios?5detected?5Found?5@ 000119a8     Stm:StmInit.obj
 0002:000008a0       ??_C@_0CO@HELPHOGP@TXT?5Descriptor?5Size?5ERROR?5?9?5?$CF08x@ 000119e0     Stm:StmInit.obj
 0002:000008d0       ??_C@_0BF@OPEIHLHC@Register?$CI?$CFd?$CJ?5?9?5?$CF08x?6?$AA@ 00011a10     Stm:StmInit.obj
 0002:000008e8       ??_C@_0CG@MDPCNBJI@StmHeader?5?5?5?5?5?5?5?5?5?5?5?5?5?5?5?5?5?5?5?5?5?9?5@ 00011a28     Stm:StmInit.obj
 0002:00000910       ??_C@_0BB@CNMDODBI@Hardware?5field?3?6?$AA@ 00011a50     Stm:StmInit.obj
 0002:00000924       ??_C@_0CG@JOAPKPJJ@?5?5StmHeaderRevision?5?5?5?5?5?5?5?5?5?5?5?9?5@ 00011a64     Stm:StmInit.obj
 0002:0000094c       ??_C@_0CG@EJFGEHAF@?5?5MonitorFeatures?5?5?5?5?5?5?5?5?5?5?5?5?5?9?5@ 00011a8c     Stm:StmInit.obj
 0002:00000974       ??_C@_0CG@KCIOALC@?5?5GdtrLimit?5?5?5?5?5?5?5?5?5?5?5?5?5?5?5?5?5?5?5?9?5@ 00011ab4     Stm:StmInit.obj
 0002:0000099c       ??_C@_0CG@DEIFKOAI@?5?5GdtrBaseOffset?5?5?5?5?5?5?5?5?5?5?5?5?5?5?9?5@ 00011adc     Stm:StmInit.obj
 0002:000009c4       ??_C@_0CG@HNIEHDNK@?5?5CsSelector?5?5?5?5?5?5?5?5?5?5?5?5?5?5?5?5?5?5?9?5@ 00011b04     Stm:StmInit.obj
 0002:000009ec       ??_C@_0CG@FCIAEJHD@?5?5EipOffset?5?5?5?5?5?5?5?5?5?5?5?5?5?5?5?5?5?5?5?9?5@ 00011b2c     Stm:StmInit.obj
 0002:00000a14       ??_C@_0CG@JDHCIFOM@?5?5EspOffset?5?5?5?5?5?5?5?5?5?5?5?5?5?5?5?5?5?5?5?9?5@ 00011b54     Stm:StmInit.obj
 0002:00000a3c       ??_C@_0CG@GOHCPAAO@?5?5Cr3Offset?5?5?5?5?5?5?5?5?5?5?5?5?5?5?5?5?5?5?5?9?5@ 00011b7c     Stm:StmInit.obj
 0002:00000a64       ??_C@_0BB@HDGFOJE@Software?5field?3?6?$AA@ 00011ba4     Stm:StmInit.obj
 0002:00000a78       ??_C@_0CG@PCKKOKCI@?5?5StmSpecVerMajor?5?5?5?5?5?5?5?5?5?5?5?5?5?9?5@ 00011bb8     Stm:StmInit.obj
 0002:00000aa0       ??_C@_0CG@LHKHOHMA@?5?5StmSpecVerMinor?5?5?5?5?5?5?5?5?5?5?5?5?5?9?5@ 00011be0     Stm:StmInit.obj
 0002:00000ac8       ??_C@_0CG@DALDGNBI@?5?5StaticImageSize?5?5?5?5?5?5?5?5?5?5?5?5?5?9?5@ 00011c08     Stm:StmInit.obj
 0002:00000af0       ??_C@_0CG@CLHFOEPB@?5?5PerProcDynamicMemorySize?5?5?5?5?9?5@ 00011c30     Stm:StmInit.obj
 0002:00000b18       ??_C@_0CG@GMICADJO@?5?5AdditionalDynamicMemorySize?5?9?5@ 00011c58     Stm:StmInit.obj
 0002:00000b40       ??_C@_0CG@DFDHBJD@?5?5Intel64ModeSupported?5?5?5?5?5?5?5?5?9?5@ 00011c80     Stm:StmInit.obj
 0002:00000b68       ??_C@_0CG@FLPBGPL@?5?5EptSupported?5?5?5?5?5?5?5?5?5?5?5?5?5?5?5?5?9?5@ 00011ca8     Stm:StmInit.obj
 0002:00000b90       ??_C@_0CG@KBFPADMI@?5?5NumberOfRevIDs?5?5?5?5?5?5?5?5?5?5?5?5?5?5?9?5@ 00011cd0     Stm:StmInit.obj
 0002:00000bb8       ??_C@_0CI@FEBODAOO@?5?5StmSmmRevID?$CI?$CF02d?$CJ?5?5?5?5?5?5?5?5?5?5?5?5?5@ 00011cf8     Stm:StmInit.obj
 0002:00000be0       ??_C@_0BF@LDIPJPBD@MinMsegSize?5?9?5?$CF08x?$CB?6?$AA@ 00011d20     Stm:StmInit.obj
 0002:00000bf8       ??_C@_0CG@MOCMIBKN@CPUID?5?9?5PhysicalAddressBits?5?9?50x@ 00011d38     Stm:StmInit.obj
 0002:00000c20       ??_C@_0CH@GGFEFEJL@PCIExpressBase?5?5?5from?5TXT?5Region@ 00011d60     Stm:StmInit.obj
 0002:00000c48       ??_C@_0CH@DFBJMDAH@PCIExpressLength?5from?5TXT?5Region@ 00011d88     Stm:StmInit.obj
 0002:00000c70       ??_C@_0CG@PPFCFEHM@PCIExpressBase?5?5?5from?5ACPI?5MCFG?5@ 00011db0     Stm:StmInit.obj
 0002:00000c98       ??_C@_0CG@BFGPIIO@PCIExpressLength?5from?5ACPI?5MCFG?5@ 00011dd8     Stm:StmInit.obj
 0002:00000cc0       ??_C@_0CP@FNHHILJI@mHostContextCommon?4PciExpressBas@ 00011e00     Stm:StmInit.obj
 0002:00000cf0       ??_C@_0EJ@KAOFMNFN@mHostContextCommon?4PciExpressBas@ 00011e30     Stm:StmInit.obj
 0002:00000d3c       ??_C@_0DM@CKMCFNHD@mHostContextCommon?4PciExpressBas@ 00011e7c     Stm:StmInit.obj
 0002:00000d78       ??_C@_0BG@KNEJOCKG@DumpStmResource?5?9?5?$CFx?6?$AA@ 00011eb8     Stm:StmInit.obj
 0002:00000d90       ??_C@_0BL@DECDDAJO@RegisterBiosResource?5?9?5?$CFx?6?$AA@ 00011ed0     Stm:StmInit.obj
 0002:00000dac       ??_C@_0CJ@NGKNEFGH@?$CB?$CB?$CBEnter?5StmInit?5?$CIAP?5done?$CJ?$CB?$CB?$CB?5?9?5@ 00011eec     Stm:StmInit.obj
 0002:00000dd8       ??_C@_0DD@OGNKNABA@?$CB?$CB?$CBIndex?$CI0x?$CFx?$CJ?5?$DO?$DN?5mHostContextCo@ 00011f18     Stm:StmInit.obj
 0002:00000e0c       ??_C@_0BP@GNJDPNBK@JoinedCpuNum?$CI?$CFd?$CJ?5?$DO?5CpuNum?$CI?$CFd?$CJ?6?$AA@ 00011f4c     Stm:StmInit.obj
 0002:00000e2c       ??_C@_0BD@LEBIEFFI@SMBASE?$CI?$CFd?$CJ?5?9?5?$CF08x?6?$AA@ 00011f6c     Stm:StmInit.obj
 0002:00000e40       ??_C@_0CG@FCDLHGOO@TxtProcessorSmmDescriptor?$CI?$CFd?$CJ?5?9?5@ 00011f80     Stm:StmInit.obj
 0002:00000e68       ??_C@_0BC@IADILHBL@Stack?$CI?$CFd?$CJ?5?9?5?$CF08x?6?$AA@ 00011fa8     Stm:StmInit.obj
 0002:00000e7c       ??_C@_0BJ@DGCPGBOD@SmiVmcsPtr?$CI?$CFd?$CJ?5?9?5?$CF016lx?6?$AA@ 00011fbc     Stm:StmInit.obj
 0002:00000e98       ??_C@_0BJ@DGHDMAHA@SmmVmcsPtr?$CI?$CFd?$CJ?5?9?5?$CF016lx?6?$AA@ 00011fd8     Stm:StmInit.obj
 0002:00000eb4       ??_C@_0BK@BFEDKPAB@CurrentVmcs?$CI?$CFd?$CJ?5?9?5?$CF016lx?6?$AA@ 00011ff4     Stm:StmInit.obj
 0002:00000ed0       ??_C@_0CA@HOFIOCPL@CurrentVmcs?5violation?5?9?5?$CF016lx?6?$AA@ 00012010     Stm:StmInit.obj
 0002:00000ef0       ??_C@_0CH@IEEPIKGA@ERROR?3?5AsmVmClear?$CI?$CFd?$CJ?5?9?5?$CF016lx?5?3@ 00012030     Stm:StmInit.obj
 0002:00000f18       ??_C@_0CJ@IFGKAKFB@ERROR?3?5AsmVmPtrLoad?$CI?$CFd?$CJ?5?9?5?$CF016lx@ 00012058     Stm:StmInit.obj
 0002:00000f44       ??_C@_0CA@OPBFJPEP@ValidateBiosResourceList?5fail?$CB?6?$AA@ 00012084     Stm:StmInit.obj
 0002:00000f64       ??_C@_0BG@MFKMGOCB@?$CFld?5?$CB?$CB?$CBLaunchBack?$CB?$CB?$CB?6?$AA@ 000120a4     Stm:StmInit.obj
 0002:00000f7c       ??_C@_0BL@GMKKIJCC@?$CFld?5?$CB?$CB?$CBLaunchBack?5FAIL?$CB?$CB?$CB?6?$AA@ 000120bc     Stm:StmInit.obj
 0002:00000f98       ??_C@_0BC@DEBGPAHJ@?$CFld?5Rflags?3?5?$CF08x?6?$AA@ 000120d8     Stm:StmInit.obj
 0002:00000fac       ??_C@_0CL@NKMDPOA@?$CFld?5VMCS_32_RO_VM_INSTRUCTION_ER@ 000120ec     Stm:StmInit.obj
 0002:00000fd8       ??_C@_0BL@MPEJJAGH@?$CB?$CB?$CBUnknownHandlerSmi?5?9?5?$CFd?6?$AA@ 00012118     Stm:SmiHandler.obj
 0002:00000ff4       ??_C@_0BF@HMOPBGFM@?$CB?$CB?$CBUnknownReason?$CB?$CB?$CB?6?$AA@ 00012134     Stm:SmiHandler.obj
 0002:0000100c       ??_C@_0CO@CHPMNHCJ@?$CFld?5StmHandlerSmi?5?9?5?$CB?$CB?$CBResumeGue@ 0001214c     Stm:SmiHandler.obj
 0002:0000103c       ??_C@_0CC@JMFCDFMF@?$CFld?5StmHandlerSmi?5?9?5Rflags?3?5?$CF08x@ 0001217c     Stm:SmiHandler.obj
 0002:00001060       ??_C@_0DL@GHOIAHKF@?$CFld?5StmHandlerSmi?5?9?5VMCS_32_RO_V@ 000121a0     Stm:SmiHandler.obj
 0002:0000109c       ??_C@_0DH@DMACKHPG@?$CK?$CK?$CKWarning?$CK?$CK?$CK?5AddSuperPage?5?9?5onl@ 000121dc     Stm:Paging.obj
 0002:000010d4       ??_C@_0DH@LEFMCLNH@STM?5Page?5Fault?5at?50x?$CF016lx?0?5Rip?5@ 00012214     Stm:Paging.obj
 0002:0000110c       ??_C@_0BK@OCLPFBBC@No?5Log?5entries?5available?6?$AA@ 0001224c     Stm:EventLog.obj
 0002:00001128       ??_C@_0CO@LBJKGGOB@AddEventLogForResource?5?9?5Invalid@ 00012268     Stm:EventLog.obj
 0002:00001158       ??_C@_0BM@DNOOAPPE@?5?5EventSerialNumber?5?3?5?$CF08x?6?$AA@ 00012298     Stm:EventLog.obj
 0002:00001174       ??_C@_0BC@FPEMFBIF@EVT_LOG_STARTED?3?6?$AA@ 000122b4     Stm:EventLog.obj
 0002:00001188       ??_C@_0BC@EGMIBAII@EVT_LOG_STOPPED?3?6?$AA@ 000122c8     Stm:EventLog.obj
 0002:0000119c       ??_C@_0CF@PBLOPJLO@EVT_LOG_INVALID_PARAMETER_DETECT@ 000122dc     Stm:EventLog.obj
 0002:000011c4       ??_C@_0BM@EHFAHFLD@?5?5VmcallApiNumber?5?5?5?3?5?$CF08x?6?$AA@ 00012304     Stm:EventLog.obj
 0002:000011e0       ??_C@_0CD@LLECDPNC@EVT_HANDLED_PROTECTION_EXCEPTION@ 00012320     Stm:EventLog.obj
 0002:00001204       ??_C@_0CI@BCBPNAAC@EVT_BIOS_ACCESS_TO_UNCLAIMED_RES@ 00012344     Stm:EventLog.obj
 0002:0000122c       ??_C@_0CG@CDBMGKGF@EVT_MLE_RESOURCE_PROTECTION_GRAN@ 0001236c     Stm:EventLog.obj
 0002:00001254       ??_C@_0CF@OFHDNNLB@EVT_MLE_RESOURCE_PROTECTION_DENI@ 00012394     Stm:EventLog.obj
 0002:0000127c       ??_C@_0BN@MOKKPHFM@EVT_MLE_RESOURCE_UNPROTECT?3?6?$AA@ 000123bc     Stm:EventLog.obj
 0002:0000129c       ??_C@_0CD@EDEOMDFP@EVT_MLE_RESOURCE_UNPROTECT_ERROR@ 000123dc     Stm:EventLog.obj
 0002:000012c0       ??_C@_0BP@CDNCEHI@EVT_MLE_DOMAIN_TYPE_DEGRADED?3?6?$AA@ 00012400     Stm:EventLog.obj
 0002:000012e0       ??_C@_0CC@BPLNMKAL@?5?5VmcsPhysPointer?5?5?5?5?3?50x?$CF016lx?3@ 00012420     Stm:EventLog.obj
 0002:00001304       ??_C@_0CA@CGKAMFPH@?5?5ExpectedDomainType?5?3?50x?$CF02x?3?6?$AA@ 00012444     Stm:EventLog.obj
 0002:00001324       ??_C@_0CA@NIBHHGPM@?5?5DegradedDomainType?5?3?50x?$CF02x?3?6?$AA@ 00012464     Stm:EventLog.obj
 0002:00001348       ??_C@_0FD@BNIIBDOL@?$CFld?5LaunchPeVM?5?9?5VM?1PE?5heap?5spac@ 00012488     Stm:PeLoadVm.obj
 0002:000013a0       ??_C@_0EB@CGEIEPKK@?$CFld?5LaunchPeVm?5?9?5Clearing?5VM?1PE?5@ 000124e0     Stm:PeLoadVm.obj
 0002:000013e4       ??_C@_0CP@LOCJFINH@?$CFld?5LaunchPeVm?5?9?5before?5check?5Pe@ 00012524     Stm:PeLoadVm.obj
 0002:00001418       ??_C@_0EF@IABPDPIN@?$CFld?5LaunchPeVM?5?9?5SMI?5being?5proce@ 00012558     Stm:PeLoadVm.obj
 0002:00001460       ??_C@_0CM@CKJKJKCJ@?$CFld?5LaunchPeVm?9?5IntialStackPoint@ 000125a0     Stm:PeLoadVm.obj
 0002:0000148c       ??_C@_0DD@MGOJPEAG@?$CFld?5LaunchPeVm?9?5VMCS_N_GUEST_RFL@ 000125cc     Stm:PeLoadVm.obj
 0002:000014c0       ??_C@_0CH@NMMHFOLB@?$CFld?5LaunchPeVm?9?5IA32_EFER_MSR?3?50@ 00012600     Stm:PeLoadVm.obj
 0002:000014e8       ??_C@_0EG@LCPMGDGG@?$CFld?5LaunchPeVm?9?5VMCS_32_CONTROL_@ 00012628     Stm:PeLoadVm.obj
 0002:00001530       ??_C@_0IA@NBNGKFJP@?$CFld?5LaunchPeVm?9?5guest?5parameter?5@ 00012670     Stm:PeLoadVm.obj
 0002:000015b0       ??_C@_0DC@HPKMAEGL@?$CFld?5LaunchPeVM?5?9?5Initiating?5PE?1V@ 000126f0     Stm:PeLoadVm.obj
 0002:000015e4       ??_C@_0DF@KPGPAPK@?$CFld?5LaunchPeVM?5?9?5SharedPageStm?50@ 00012724     Stm:PeLoadVm.obj
 0002:00001620       ??_C@_0FL@IPMLOADK@?$CFld?5LaunchPeVm?5?9?5?$CK?$CK?$CKDebug?$CK?$CK?$CK?5VmP@ 00012760     Stm:PeLoadVm.obj
 0002:00001680       ??_C@_0EM@MCGAICKD@?$CFld?5LaunchPeVM?5?9?5SMI?5detected?5du@ 000127c0     Stm:PeLoadVm.obj
 0002:000016cc       ??_C@_0DP@CLCBFMCM@?$CFld?5LaunchPeVM?5?9?5Warning?3?5Return@ 0001280c     Stm:PeLoadVm.obj
 0002:00001710       ??_C@_0EM@LJKPFII@?$CFld?5LaunchPeVM?5?9?5NMI?5detected?5du@ 00012850     Stm:PeLoadVm.obj
 0002:0000175c       ??_C@_0DE@PDBEEGNJ@?$CFld?5LaunchPeVM?5?9?5Launching?5PE?1VM@ 0001289c     Stm:PeLoadVm.obj
 0002:00001790       ??_C@_0BL@DNOLNCHG@?$CFld?5LaunchPeVm?5?9?5?$CISTM?$CJ?3o?$CI?6?$AA@ 000128d0     Stm:PeLoadVm.obj
 0002:000017ac       ??_C@_0DK@OOLMPLLG@?$CFld?5LaunchPeVm?5?9?5?$CB?$CB?$CBResumeGuestS@ 000128ec     Stm:PeLoadVm.obj
 0002:000017e8       ??_C@_0CB@BLKMDDJB@?$CFld?5LaunchPeVm?5?9?5Rflags?3?5?$CF08llx?6@ 00012928     Stm:PeLoadVm.obj
 0002:0000180c       ??_C@_0DI@NCFCMAIP@?$CFld?5LaunchPeVm?5?9?5VMCS_32_RO_VM_I@ 0001294c     Stm:PeLoadVm.obj
 0002:00001844       ??_C@_0BH@DOIOFKFG@?$CFld?5RunPermVM?5entered?6?$AA@ 00012984     Stm:PeLoadVm.obj
 0002:0000185c       ??_C@_0CK@NGGBEJMG@?$CFld?5RunPermVM?5?9?5Can?5not?5run?5a?5Pe@ 0001299c     Stm:PeLoadVm.obj
 0002:00001888       ??_C@_0EF@NOGBKOFG@?$CFld?5RunPermVM?5?9?5Attempting?5to?5ex@ 000129c8     Stm:PeLoadVm.obj
 0002:000018d0       ??_C@_0ED@JIHHIGGM@?$CFld?5RunPermVM?5?9?5Attempt?5to?5execu@ 00012a10     Stm:PeLoadVm.obj
 0002:00001914       ??_C@_0CC@KBHIFLBA@?$CFld?5?9?5Error?5in?5configuring?5PE?5VM@ 00012a54     Stm:PeLoadVm.obj
 0002:00001938       ??_C@_0DC@HMIMDEKM@?$CFld?5PostPeVmProc?5?9?5Platform?5Data@ 00012a78     Stm:PeLoadVm.obj
 0002:00001970       ??_C@_0EI@EIBEINLM@?$CFld?5PostPeVmProc?5?9?5TSC?5Info?5?9?5St@ 00012ab0     Stm:PeLoadVm.obj
 0002:000019b8       ??_C@_0FB@CONMNPHA@?$CFld?5PostPeVmProc?5?9?5PeType?3?5?$CFd?5mo@ 00012af8     Stm:PeLoadVm.obj
 0002:00001a10       ??_C@_0EC@MLGMCBCO@?$CFld?5PostPeVmProc?5?9?5Perm?5VM?5confi@ 00012b50     Stm:PeLoadVm.obj
 0002:00001a54       ??_C@_0DI@LJFDMKLP@?$CFld?5PostPeVmProc?5?9?5Perm?5VM?5confi@ 00012b94     Stm:PeLoadVm.obj
 0002:00001a8c       ??_C@_0DM@NPAIONJE@?$CFld?5PostPeVmProc?5?9?5Perm?5VM?5being@ 00012bcc     Stm:PeLoadVm.obj
 0002:00001ac8       ??_C@_0DC@GLONCIFN@?$CFld?5PostPeVmProc?5?9?5PE?1VM?5suspend@ 00012c08     Stm:PeLoadVm.obj
 0002:00001b00       ??_C@_0EH@MELNFOLE@?$CFld?5PostPeVmProc?5?9?5?$CB?$CBexiting?5to?5@ 00012c40     Stm:PeLoadVm.obj
 0002:00001b48       ??_C@_0DG@FIPGGPDF@?$CFld?5PostPeVmProc?5?9?5PE?1VM?5guest?5r@ 00012c88     Stm:PeLoadVm.obj
 0002:00001b80       ??_C@_0DF@DOIIKLKH@?$CFld?5PostPeVmProc?5?9?5PE?1VM?5Free?5?$CIA@ 00012cc0     Stm:PeLoadVm.obj
 0002:00001bb8       ??_C@_0CN@NOEDMKPK@?$CFld?5PostPeVmProc?5?9?5PE?1VM?5Idle?5?9?5@ 00012cf8     Stm:PeLoadVm.obj
 0002:00001be8       ??_C@_0DK@OMOJOKNA@?$CFld?5PostPeVmProc?5?9?5Unsucessful?5r@ 00012d28     Stm:PeLoadVm.obj
 0002:00001c24       ??_C@_0DF@DPMJDFEH@?$CFld?5PostPeVmProc?5?9?5sucessfully?5c@ 00012d64     Stm:PeLoadVm.obj
 0002:00001c5c       ??_C@_0BN@FKHPFMP@?$CFld?5PostPeVmProc?5?9?5?$CISTM?$CJ?3o?$CI?6?$AA@ 00012d9c     Stm:PeLoadVm.obj
 0002:00001c7c       ??_C@_0DC@OGOBPDED@?$CFld?5PostPeVmProc?5?9?5?$CB?$CB?$CBPePostVmPr@ 00012dbc     Stm:PeLoadVm.obj
 0002:00001cb0       ??_C@_0CB@KOICMEAB@?$CFld?5PostPeVmProc?5?9?5Rflags?3?5?$CF08x?6@ 00012df0     Stm:PeLoadVm.obj
 0002:00001cd4       ??_C@_0DK@OBLLLALF@?$CFld?5PostPeVmProc?5?9?5VMCS_32_RO_VM@ 00012e14     Stm:PeLoadVm.obj
 0002:00001d10       ??_C@_0CA@LLBJHMGE@?$CFld?5PostPeVmProc?5?9?5CpuDeadLoop?6?$AA@ 00012e50     Stm:PeLoadVm.obj
 0002:00001d30       ??_C@_0CN@MMDBLGAP@?$CFld?5save_Inter_PeVm?5?9?5sucessfull@ 00012e70     Stm:PeLoadVm.obj
 0002:00001d60       ??_C@_0DE@HLNGEOHM@?$CFld?5RestoreInterPeVm?5?9?5setup?5don@ 00012ea0     Stm:PeLoadVm.obj
 0002:00001d94       ??_C@_0BG@FOCENOKB@?$CFld?5?9?5No?5region?5list?6?$AA@ 00012ed4     Stm:PeLoadVm.obj
 0002:00001dac       ??_C@_0BK@KPOOKHAA@?$CFld?5?9?9?9?5Region?5List?5?9?9?9?5?6?$AA@ 00012eec     Stm:PeLoadVm.obj
 0002:00001dc8       ??_C@_0DF@JBHPNOPG@?$CFld?5Finish?5scanning?5Region?5List?5@ 00012f08     Stm:PeLoadVm.obj
 0002:00001e00       ??_C@_0DF@KLAMAJHA@?$CFld?5region?5set?5at?50x?$CF016llx?3?$CF016@ 00012f40     Stm:PeLoadVm.obj
 0002:00001e38       ??_C@_0BE@NGAADBID@NMI?5handler?5active?6?$AA@ 00012f78     Stm:PeLoadVm.obj
 0002:00001e4c       ??_C@_0BH@DNAPJIMO@?$CK?$CK?$CKNMI?$CK?$CK?$CKHappened?$CK?$CK?$CK?$CK?6?$AA@ 00012f8c     Stm:PeLoadVm.obj
 0002:00001e64       ??_C@_0DG@GPIJDKIG@?$CFld?5enable_nmi?5?9?5Return?5from?5non@ 00012fa4     Stm:PeLoadVm.obj
 0002:00001e9c       ??_C@_0CE@HGFINHJO@InitPe?5?9?5Starting?5PE?5initiaizati@ 00012fdc     Stm:PeLoadVm.obj
 0002:00001ec0       ??_C@_0CF@HAJMHBBH@InitPe?5?9?5PE?5initialization?5compl@ 00013000     Stm:PeLoadVm.obj
 0002:00001ee8       ??_C@_0BJ@LBCNKAIH@BaseAddress?5?$DM?50x00100000?$AA@ 00013028     Stm:EptInit.obj
 0002:00001f08       ??_C@_0EA@NDGPCBA@z?3?2stm_reference?2stmpegit?2stm?9pe@ 00013048     Stm:EptInit.obj
 0002:00001f48       ??_C@_0BC@FEDIJHFF@?$CI?$CIBOOLEAN?$CJ?$CI0?$DN?$DN1?$CJ?$CJ?$AA@ 00013088     Stm:EptInit.obj
 0002:00001f5c       ??_C@_0M@CCPLJHBF@Count?5?$DM?$DN?532?$AA@ 0001309c     Stm:EptInit.obj
 0002:00001f68       ??_C@_0CH@JCHJJPLE@MTRR?5error?5for?50x?$CF016lx?3?5?$CF02x?5VS@ 000130a8     Stm:EptInit.obj
 0002:00001f90       ??_C@_0BC@DOPPIEGO@EptDumpPageTable?6?$AA@ 000130d0     Stm:EptInit.obj
 0002:00001fa4       ??_C@_0BH@NKNIDDFL@EptPointer?5?9?50x?$CF016lx?6?$AA@ 000130e4     Stm:EptInit.obj
 0002:00001fbc       ??_C@_0CA@PNDIPLAP@?5?5L4PageTable?$CI0x?$CFx?$CJ?5?9?50x?$CF016lx?6?$AA@ 000130fc     Stm:EptInit.obj
 0002:00001fdc       ??_C@_0CC@HEKOPJFG@?5?5?5?5L3PageTable?$CI0x?$CFx?$CJ?5?9?50x?$CF016lx@ 0001311c     Stm:EptInit.obj
 0002:00002000       ??_C@_0CE@LKGJLEOC@?5?5?5?5?5?5L2PageTable?$CI0x?$CFx?$CJ?5?9?50x?$CF016@ 00013140     Stm:EptInit.obj
 0002:00002024       ??_C@_0CG@JJECKPAJ@?5?5?5?5?5?5?5?5L1PageTable?$CI0x?$CFx?$CJ?5?9?50x?$CF0@ 00013164     Stm:EptInit.obj
 0002:0000204c       ??_C@_0CE@CMJLDLKK@ExecutionDisableOutsideSmrr?5?9?5?$CF0@ 0001318c     Stm:EptInit.obj
 0002:00002070       ??_C@_0BJ@BMIMDHII@SMRR_PHYS_BASE?5?9?5?$CF016lx?6?$AA@ 000131b0     Stm:EptInit.obj
 0002:0000208c       ??_C@_0BJ@KBDFCHAL@SMRR_PHYS_MASK?5?9?5?$CF016lx?6?$AA@ 000131cc     Stm:EptInit.obj
 0002:000020a8       ??_C@_0BB@MIIIGEJC@SmrrBase?5?9?5?$CF08x?6?$AA@ 000131e8     Stm:EptInit.obj
 0002:000020bc       ??_C@_0BD@MLEMEMLI@SmrrLength?5?9?5?$CF08x?6?$AA@ 000131fc     Stm:EptInit.obj
 0002:000020d0       ??_C@_0BC@KLBEGLJA@StmHeader?5?9?5?$CF08x?6?$AA@ 00013210     Stm:EptInit.obj
 0002:000020e4       ??_C@_0BA@CDMHKBHD@StmSize?5?9?5?$CF08x?6?$AA@ 00013224     Stm:EptInit.obj
 0002:000020f4       ??_C@_0BE@POFMEFDP@GuestCr3?$CI0?$CJ?5?9?5?$CF08x?6?$AA@ 00013234     Stm:EptInit.obj
 0002:00002108       ??_C@_0CA@IBILHBNO@SMM?5NonOverlayed?5Base?5?5?5?9?5?$CF08x?6?$AA@ 00013248     Stm:EptInit.obj
 0002:00002128       ??_C@_0CA@CPEOFHHJ@SMM?5NonOverlayed?5Length?5?9?5?$CF08x?6?$AA@ 00013268     Stm:EptInit.obj
 0002:00002148       ??_C@_0BB@BDMNBCLI@TsegBase?5?9?5?$CF08x?6?$AA@ 00013288     Stm:EptInit.obj
 0002:0000215c       ??_C@_0BD@BNEBIPNM@TsegLength?5?9?5?$CF08x?6?$AA@ 0001329c     Stm:EptInit.obj
 0002:00002170       ??_C@_0P@EEKLGKEO@TsegBase?5?$DN?$DN?50?6?$AA@ 000132b0     Stm:EptInit.obj
 0002:00002180       ??_C@_0BG@DMIMEDIM@TsegBase?5?$CB?$DN?5SmrrBase?6?$AA@ 000132c0     Stm:EptInit.obj
 0002:00002198       ??_C@_0BK@CBKNGNJD@TsegLength?5?$CB?$DN?5SmrrLength?6?$AA@ 000132d8     Stm:EptInit.obj
 0002:000021b4       ??_C@_0O@JNNIPFKI@Protect?5MSEG?6?$AA@ 000132f4     Stm:EptInit.obj
 0002:000021c4       ??_C@_0BC@FPLJOMJE@ApicToIndex?5fail?6?$AA@ 00013304     Stm:SmmMp.obj
 0002:000021d8       ??_C@_0DN@CJNGLCOI@AllocatePages?$CI0x?$CFx?$CJ?5fail?5?9?5no?5fr@ 00013318     Stm:Memory.obj
 0002:00002218       ??_C@_0BP@IKFHMEIG@SmmStmSetupRip?5start?5?$CI?$CFd?$CJ?5?4?4?4?6?$AA@ 00013358     Stm:SmmSetup.obj
 0002:00002238       ??_C@_0BL@GJNCBFDM@New?5HostStack?5?$CI?$CFd?$CJ?5?9?5?$CF08x?6?$AA@ 00013378     Stm:SmmSetup.obj
 0002:00002254       ??_C@_0BF@DBFEFNMA@?$CB?$CB?$CBSmmSetup?5FAIL?$CB?$CB?$CB?6?$AA@ 00013394     Stm:SmmSetup.obj
 0002:0000226c       ??_C@_0O@LIECFPOF@Rflags?3?5?$CF08x?6?$AA@ 000133ac     Stm:SmmSetup.obj
 0002:0000227c       ??_C@_0CH@NBLGDKII@VMCS_32_RO_VM_INSTRUCTION_ERROR?3@ 000133bc     Stm:SmmSetup.obj
 0002:000022a4       ??_C@_0BJ@EDGHMNLL@SmmStmSetupRip?5end?5?$CI?$CFd?$CJ?6?$AA@ 000133e4     Stm:SmmSetup.obj
 0002:000022c0       ??_C@_0BI@ICMDGJKE@?5?5RscType?5?5?5?5?5?5?5?3?5?$CF08x?6?$AA@ 00013400     Stm:StmResource.obj
 0002:000022d8       ??_C@_0BI@EHHMPJJP@?5?5RscLength?5?5?5?5?5?3?5?$CF04x?6?$AA@ 00013418     Stm:StmResource.obj
 0002:000022f0       ??_C@_0BI@NIOHFIEG@?5?5ReturnStatus?5?5?3?5?$CF04x?6?$AA@ 00013430     Stm:StmResource.obj
 0002:00002308       ??_C@_0BI@NOAELGOA@?5?5IgnoreResource?3?5?$CF04x?6?$AA@ 00013448     Stm:StmResource.obj
 0002:00002320       ??_C@_0BD@KHFDMIJ@END_OF_RESOURCES?3?6?$AA@ 00013460     Stm:StmResource.obj
 0002:00002334       ??_C@_0CF@CIBPOML@?5?5ResourceListContinuation?5?3?5?$CF01@ 00013474     Stm:StmResource.obj
 0002:0000235c       ??_C@_0M@BOHBHNGE@MEM_RANGE?3?6?$AA@ 0001349c     Stm:StmResource.obj
 0002:00002368       ??_C@_0BK@NELIBIJO@?5?5Base?5?5?5?5?5?5?5?5?5?5?3?5?$CF016lx?6?$AA@ 000134a8     Stm:StmResource.obj
 0002:00002384       ??_C@_0BK@NGFHFMNI@?5?5Length?5?5?5?5?5?5?5?5?3?5?$CF016lx?6?$AA@ 000134c4     Stm:StmResource.obj
 0002:000023a0       ??_C@_0BI@LLLFICFH@?5?5RWXAttributes?5?3?5?$CF08x?6?$AA@ 000134e0     Stm:StmResource.obj
 0002:000023b8       ??_C@_0L@KOAAPOAD@IO_RANGE?3?6?$AA@ 000134f8     Stm:StmResource.obj
 0002:000023c4       ??_C@_0BI@LODNAKFP@?5?5Base?5?5?5?5?5?5?5?5?5?5?3?5?$CF04x?6?$AA@ 00013504     Stm:StmResource.obj
 0002:000023dc       ??_C@_0BI@GBIFAIAJ@?5?5Length?5?5?5?5?5?5?5?5?3?5?$CF04x?6?$AA@ 0001351c     Stm:StmResource.obj
 0002:000023f4       ??_C@_0N@JOJOEOKG@MMIO_RANGE?3?6?$AA@ 00013534     Stm:StmResource.obj
 0002:00002404       ??_C@_0M@IOJHKJIJ@MSR_RANGE?3?6?$AA@ 00013544     Stm:StmResource.obj
 0002:00002410       ??_C@_0BI@LMKCMAII@?5?5MsrIndex?5?5?5?5?5?5?3?5?$CF08x?6?$AA@ 00013550     Stm:StmResource.obj
 0002:00002428       ??_C@_0BI@MLDJOEEG@?5?5KernelModeProc?3?5?$CF08x?6?$AA@ 00013568     Stm:StmResource.obj
 0002:00002440       ??_C@_0BK@CGCJNMFL@?5?5ReadMask?5?5?5?5?5?5?3?5?$CF016lx?6?$AA@ 00013580     Stm:StmResource.obj
 0002:0000245c       ??_C@_0BK@KEJPNBNI@?5?5WriteMask?5?5?5?5?5?3?5?$CF016lx?6?$AA@ 0001359c     Stm:StmResource.obj
 0002:00002478       ??_C@_0BA@DMCEOGBN@PCI_CFG_RANGE?3?6?$AA@ 000135b8     Stm:StmResource.obj
 0002:00002488       ??_C@_0BI@HKFNGCDG@?5?5RWAttributes?5?5?3?5?$CF04x?6?$AA@ 000135c8     Stm:StmResource.obj
 0002:000024a0       ??_C@_0BI@LADLNOOA@?5?5OriginatingBus?3?5?$CF02x?6?$AA@ 000135e0     Stm:StmResource.obj
 0002:000024b8       ??_C@_0BI@KJAMHDMO@?5?5LastNodeIndex?5?3?5?$CF02x?6?$AA@ 000135f8     Stm:StmResource.obj
 0002:000024d0       ??_C@_0BI@IBOPBDBC@?5?5Type?5?5?5?5?5?5?5?5?5?5?3?5?$CF02x?6?$AA@ 00013610     Stm:StmResource.obj
 0002:000024e8       ??_C@_0BI@EPIIKFJE@?5?5Subtype?5?5?5?5?5?5?5?3?5?$CF02x?6?$AA@ 00013628     Stm:StmResource.obj
 0002:00002500       ??_C@_0BI@OAENAANC@?5?5PciDevice?5?5?5?5?5?3?5?$CF02x?6?$AA@ 00013640     Stm:StmResource.obj
 0002:00002518       ??_C@_0BI@JJBBHPM@?5?5PciFunction?5?5?5?3?5?$CF02x?6?$AA@ 00013658     Stm:StmResource.obj
 0002:00002530       ??_C@_0BD@FDLGDOIG@TRAPPED_IO_RANGE?3?6?$AA@ 00013670     Stm:StmResource.obj
 0002:00002544       ??_C@_0BI@HLAGCJFK@?5?5In?5?5?5?5?5?5?5?5?5?5?5?5?3?5?$CF04x?6?$AA@ 00013684     Stm:StmResource.obj
 0002:0000255c       ??_C@_0BI@IHCMAKMJ@?5?5Out?5?5?5?5?5?5?5?5?5?5?5?3?5?$CF04x?6?$AA@ 0001369c     Stm:StmResource.obj
 0002:00002574       ??_C@_0BI@JHCKFMOE@?5?5Api?5?5?5?5?5?5?5?5?5?5?5?3?5?$CF04x?6?$AA@ 000136b4     Stm:StmResource.obj
 0002:0000258c       ??_C@_0BA@MHEFIHCE@ALL_RESOURCES?3?6?$AA@ 000136cc     Stm:StmResource.obj
 0002:0000259c       ??_C@_0BF@OLCDFIAO@REGISTER_VIOLATION?3?6?$AA@ 000136dc     Stm:StmResource.obj
 0002:000025b4       ??_C@_0BI@NCDABBHD@?5?5RegisterType?5?5?3?5?$CF08x?6?$AA@ 000136f4     Stm:StmResource.obj
 0002:000025cc       ??_C@_0DC@IDGFPKBA@IsPciResourceNodeValid?5?9?5PCI_VEN@ 0001370c     Stm:StmResource.obj
 0002:00002600       ??_C@_0DC@ELMLKOFP@IsPciResourceNodeValid?5?9?5PCI_DEV@ 00013740     Stm:StmResource.obj
 0002:00002638       ??_C@_0EO@CPPHMPFA@IsPciResourceNodeValid?5?9?5HEADER_@ 00013778     Stm:StmResource.obj
 0002:00002688       ??_C@_0DE@OIAMOIFH@IsPciResourceNodeValid?5?9?5BRIDGE_@ 000137c8     Stm:StmResource.obj
 0002:000026bc       ??_C@_0CC@BJNHMINM@IsPciResourceNodeValid?5?9?5fail?$CB?$CB?$CB@ 000137fc     Stm:StmResource.obj
 0002:000026e0       ??_C@_0DD@GCKBEKFC@Resource?5invalid?5?$CIFromMle?5?9?5?$CFx?0?5@ 00013820     Stm:StmResource.obj
 0002:00002714       ??_C@_0P@IFFGPOLN@ResourceNode?3?6?$AA@ 00013854     Stm:StmResource.obj
 0002:00002724       ??_C@_0BD@BENCDDNN@Resource?5overlap?3?6?$AA@ 00013864     Stm:StmResource.obj
 0002:00002738       ??_C@_0BA@LMNABDNE@ResourceNode1?3?6?$AA@ 00013878     Stm:StmResource.obj
 0002:00002748       ??_C@_0BA@KOGFLMDK@ResourceNode2?3?6?$AA@ 00013888     Stm:StmResource.obj
 0002:00002758       ??_C@_0BO@HOFJDIEH@Resource?9?$DOHeader?4RscType?5?$DN?$DN?50?$AA@ 00013898     Stm:StmResource.obj
 0002:00002778       ??_C@_0DP@OKPHGIFI@z?3?2stm_reference?2stmpegit?2stm?9pe@ 000138b8     Stm:StmResource.obj
 0002:000027b8       ??_C@_0BL@ELADJOJN@?$CB?$CB?$CBUnknownHandlerSmm?5?9?5?$CFd?6?$AA@ 000138f8     Stm:SmmHandler.obj
 0002:000027d4       ??_C@_0DG@EADPFFJJ@Guest?5Instr?3?5?$CF02x?5?$CF02x?5?$CF02x?5?$CF02x@ 00013914     Stm:SmmHandler.obj
 0002:0000280c       ??_C@_0CA@FBHHMDEE@?$CB?$CB?$CBResumeGuestSmm?5FAIL?$CB?$CB?$CB?5?9?5?$CFd?6?$AA@ 0001394c     Stm:SmmHandler.obj
 0002:0000282c       ??_C@_0DK@NLOONIGG@RelocBase?5?$CB?$DN?5?$CI?$CIvoid?5?$CK?$CJ?50?$CJ?5?$CG?$CG?5Rel@ 0001396c     Stm:Relocate.obj
 0002:00002868       ??_C@_0EB@IEPCCMKM@z?3?2stm_reference?2stmpegit?2stm?9pe@ 000139a8     Stm:Relocate.obj
 0002:000028ac       ??_C@_0CG@HBFGEADL@?$CB?$CB?$CB?$CB?5IA32?5Exception?5Type?5?9?5?$CF08x?5@ 000139ec     Stm:StmExceptionHandler.obj
 0002:000028d4       ??_C@_0CG@FNJIKAMA@EIP?5?9?5?$CF08x?0?5CS?5?9?5?$CF08x?0?5EFLAGS?5?9?5@ 00013a14     Stm:StmExceptionHandler.obj
 0002:000028fc       ??_C@_0BG@JHGLJFHC@ExceptionData?5?9?5?$CF08x?6?$AA@ 00013a3c     Stm:StmExceptionHandler.obj
 0002:00002914       ??_C@_0DA@GHEKHIDL@EAX?5?9?5?$CF08x?0?5ECX?5?9?5?$CF08x?0?5EDX?5?9?5?$CF0@ 00013a54     Stm:StmExceptionHandler.obj
 0002:00002944       ??_C@_0DA@FADJPDB@ESP?5?9?5?$CF08x?0?5EBP?5?9?5?$CF08x?0?5ESI?5?9?5?$CF0@ 00013a84     Stm:StmExceptionHandler.obj
 0002:00002974       ??_C@_0DH@MELOCDMA@DS?5?9?5?$CF08x?0?5ES?5?9?5?$CF08x?0?5FS?5?9?5?$CF08x?0@ 00013ab4     Stm:StmExceptionHandler.obj
 0002:000029ac       ??_C@_0CE@GGJFCGLD@GDTR?5?9?5?$CF08x?5?$CF08x?0?5IDTR?5?9?5?$CF08x?5?$CF0@ 00013aec     Stm:StmExceptionHandler.obj
 0002:000029d0       ??_C@_0BI@PCABENM@LDTR?5?9?5?$CF08x?0?5TR?5?9?5?$CF08x?6?$AA@ 00013b10     Stm:StmExceptionHandler.obj
 0002:000029e8       ??_C@_0DA@NPMJHPLG@CR0?5?9?5?$CF08x?0?5CR2?5?9?5?$CF08x?0?5CR3?5?9?5?$CF0@ 00013b28     Stm:StmExceptionHandler.obj
 0002:00002a18       ??_C@_0DA@OOJOIINA@DR0?5?9?5?$CF08x?0?5DR1?5?9?5?$CF08x?0?5DR2?5?9?5?$CF0@ 00013b58     Stm:StmExceptionHandler.obj
 0002:00002a48       ??_C@_0BI@POLIBGKD@DR6?5?9?5?$CF08x?0?5DR7?5?9?5?$CF08x?6?$AA@ 00013b88     Stm:StmExceptionHandler.obj
 0002:00002a60       ??_C@_03DICHKKNL@R15?$AA@  00013ba0     Stm:Dump.obj
 0002:00002a64       ??_C@_03CBDMJLJK@R14?$AA@  00013ba4     Stm:Dump.obj
 0002:00002a68       ??_C@_03GOHNANFN@R13?$AA@  00013ba8     Stm:Dump.obj
 0002:00002a6c       ??_C@_03HHGGDMBM@R12?$AA@  00013bac     Stm:Dump.obj
 0002:00002a70       ??_C@_03FMELGPNP@R11?$AA@  00013bb0     Stm:Dump.obj
 0002:00002a74       ??_C@_03EFFAFOJO@R10?$AA@  00013bb4     Stm:Dump.obj
 0002:00002a78       ??_C@_03BIBBNHH@R9?5?$AA@  00013bb8     Stm:Dump.obj
 0002:00002a7c       ??_C@_03EDHHEA@R8?5?$AA@   00013bbc     Stm:Dump.obj
 0002:00002a80       ??_C@_03OJJHDGJK@RDI?$AA@  00013bc0     Stm:Dump.obj
 0002:00002a84       ??_C@_03PAPOIDGP@RSI?$AA@  00013bc4     Stm:Dump.obj
 0002:00002a88       ??_C@_03HGBKODDA@RBP?$AA@  00013bc8     Stm:Dump.obj
 0002:00002a8c       ??_C@_03GLPOCKHH@RSP?$AA@  00013bcc     Stm:Dump.obj
 0002:00002a90       ??_C@_03LOMDGJDI@RBX?$AA@  00013bd0     Stm:Dump.obj
 0002:00002a94       ??_C@_03LKEOBFIK@RDX?$AA@  00013bd4     Stm:Dump.obj
 0002:00002a98       ??_C@_03LPABADAP@RCX?$AA@  00013bd8     Stm:Dump.obj
 0002:00002a9c       ??_C@_03LMIFNHGB@RAX?$AA@  00013bdc     Stm:Dump.obj
 0002:00002aa0       ??_C@_0DB@CCEHOEOM@VMCS_N_HOST_RIP?5?5?5?5?5?5?5?5?5?5?5?5?5?5?5?5?5@ 00013be0     Stm:Dump.obj
 0002:00002ad4       ??_C@_0DB@ECDGJIPF@VMCS_N_HOST_RSP?5?5?5?5?5?5?5?5?5?5?5?5?5?5?5?5?5@ 00013c14     Stm:Dump.obj
 0002:00002b08       ??_C@_0DB@NAFPFAJE@VMCS_N_HOST_IA32_SYSENTER_EIP?5?5?5@ 00013c48     Stm:Dump.obj
 0002:00002b3c       ??_C@_0DB@OOLLPFFF@VMCS_N_HOST_IA32_SYSENTER_ESP?5?5?5@ 00013c7c     Stm:Dump.obj
 0002:00002b70       ??_C@_0DB@IGHHHADG@VMCS_N_HOST_IDTR_BASE?5?5?5?5?5?5?5?5?5?5?5@ 00013cb0     Stm:Dump.obj
 0002:00002ba4       ??_C@_0DB@OOBDKDII@VMCS_N_HOST_GDTR_BASE?5?5?5?5?5?5?5?5?5?5?5@ 00013ce4     Stm:Dump.obj
 0002:00002bd8       ??_C@_0DB@BHJOPFDC@VMCS_N_HOST_TR_BASE?5?5?5?5?5?5?5?5?5?5?5?5?5@ 00013d18     Stm:Dump.obj
 0002:00002c0c       ??_C@_0DB@LKLDECHK@VMCS_N_HOST_GS_BASE?5?5?5?5?5?5?5?5?5?5?5?5?5@ 00013d4c     Stm:Dump.obj
 0002:00002c40       ??_C@_0DB@DKEDFFGF@VMCS_N_HOST_FS_BASE?5?5?5?5?5?5?5?5?5?5?5?5?5@ 00013d80     Stm:Dump.obj
 0002:00002c74       ??_C@_0DB@MGHMMLJL@VMCS_N_HOST_CR4?5?5?5?5?5?5?5?5?5?5?5?5?5?5?5?5?5@ 00013db4     Stm:Dump.obj
 0002:00002ca8       ??_C@_0DB@MFDFKGCA@VMCS_N_HOST_CR3?5?5?5?5?5?5?5?5?5?5?5?5?5?5?5?5?5@ 00013de8     Stm:Dump.obj
 0002:00002cdc       ??_C@_0DB@EOOGJIDJ@VMCS_N_HOST_CR0?5?5?5?5?5?5?5?5?5?5?5?5?5?5?5?5?5@ 00013e1c     Stm:Dump.obj
 0002:00002d10       ??_C@_0DB@CMCGAIAE@VMCS_32_HOST_IA32_SYSENTER_CS?5?5?5@ 00013e50     Stm:Dump.obj
 0002:00002d44       ??_C@_0DB@KMIOLLGG@VMCS_64_HOST_IA32_PERF_GLOBAL_CT@ 00013e84     Stm:Dump.obj
 0002:00002d78       ??_C@_0DB@CMOJCIC@VMCS_64_HOST_IA32_EFER?5?5?5?5?5?5?5?5?5?5@ 00013eb8     Stm:Dump.obj
 0002:00002dac       ??_C@_0DB@MKNBGGBE@VMCS_64_HOST_IA32_PAT?5?5?5?5?5?5?5?5?5?5?5@ 00013eec     Stm:Dump.obj
 0002:00002de0       ??_C@_0DB@MNLDOIKD@VMCS_16_HOST_TR?5?5?5?5?5?5?5?5?5?5?5?5?5?5?5?5?5@ 00013f20     Stm:Dump.obj
 0002:00002e14       ??_C@_0DB@IHIMOGMJ@VMCS_16_HOST_GS?5?5?5?5?5?5?5?5?5?5?5?5?5?5?5?5?5@ 00013f54     Stm:Dump.obj
 0002:00002e48       ??_C@_0DB@BCPMDCFM@VMCS_16_HOST_FS?5?5?5?5?5?5?5?5?5?5?5?5?5?5?5?5?5@ 00013f88     Stm:Dump.obj
 0002:00002e7c       ??_C@_0DB@ODGMJNDH@VMCS_16_HOST_DS?5?5?5?5?5?5?5?5?5?5?5?5?5?5?5?5?5@ 00013fbc     Stm:Dump.obj
 0002:00002eb0       ??_C@_0DB@FOJNNMAC@VMCS_16_HOST_SS?5?5?5?5?5?5?5?5?5?5?5?5?5?5?5?5?5@ 00013ff0     Stm:Dump.obj
 0002:00002ee4       ??_C@_0DB@LPNMLOFO@VMCS_16_HOST_CS?5?5?5?5?5?5?5?5?5?5?5?5?5?5?5?5?5@ 00014024     Stm:Dump.obj
 0002:00002f18       ??_C@_0DB@HGBMEJKC@VMCS_16_HOST_ES?5?5?5?5?5?5?5?5?5?5?5?5?5?5?5?5?5@ 00014058     Stm:Dump.obj
 0002:00002f4c       ??_C@_0DB@OAAPKBKL@VMCS_N_GUEST_IA32_SYSENTER_EIP?5?5@ 0001408c     Stm:Dump.obj
 0002:00002f80       ??_C@_0DB@GKNNLLEM@VMCS_N_GUEST_IA32_SYSENTER_ESP?5?5@ 000140c0     Stm:Dump.obj
 0002:00002fb4       ??_C@_0DB@EDGBIGGJ@VMCS_N_GUEST_PENDING_DEBUG_EXCEP@ 000140f4     Stm:Dump.obj
 0002:00002fe8       ??_C@_0DB@JGDAPOHD@VMCS_N_GUEST_RFLAGS?5?5?5?5?5?5?5?5?5?5?5?5?5@ 00014128     Stm:Dump.obj
 0002:0000301c       ??_C@_0DB@JKLLJHPI@VMCS_N_GUEST_RIP?5?5?5?5?5?5?5?5?5?5?5?5?5?5?5?5@ 0001415c     Stm:Dump.obj
 0002:00003050       ??_C@_0DB@FLEJFLGH@VMCS_N_GUEST_RSP?5?5?5?5?5?5?5?5?5?5?5?5?5?5?5?5@ 00014190     Stm:Dump.obj
 0002:00003084       ??_C@_0DB@JOGNDLEH@VMCS_N_GUEST_DR7?5?5?5?5?5?5?5?5?5?5?5?5?5?5?5?5@ 000141c4     Stm:Dump.obj
 0002:000030b8       ??_C@_0DB@HLOLCAJO@VMCS_N_GUEST_IDTR_BASE?5?5?5?5?5?5?5?5?5?5@ 000141f8     Stm:Dump.obj
 0002:000030ec       ??_C@_0DB@MCILGGEM@VMCS_N_GUEST_GDTR_BASE?5?5?5?5?5?5?5?5?5?5@ 0001422c     Stm:Dump.obj
 0002:00003120       ??_C@_0DB@PGACLDNA@VMCS_N_GUEST_TR_BASE?5?5?5?5?5?5?5?5?5?5?5?5@ 00014260     Stm:Dump.obj
 0002:00003154       ??_C@_0DB@NGMLKMJM@VMCS_N_GUEST_LDTR_BASE?5?5?5?5?5?5?5?5?5?5@ 00014294     Stm:Dump.obj
 0002:00003188       ??_C@_0DB@LMDNLNLK@VMCS_N_GUEST_GS_BASE?5?5?5?5?5?5?5?5?5?5?5?5@ 000142c8     Stm:Dump.obj
 0002:000031bc       ??_C@_0DB@CJENGJCP@VMCS_N_GUEST_FS_BASE?5?5?5?5?5?5?5?5?5?5?5?5@ 000142fc     Stm:Dump.obj
 0002:000031f0       ??_C@_0DB@NINNMGEE@VMCS_N_GUEST_DS_BASE?5?5?5?5?5?5?5?5?5?5?5?5@ 00014330     Stm:Dump.obj
 0002:00003224       ??_C@_0DB@GFCMIHHB@VMCS_N_GUEST_SS_BASE?5?5?5?5?5?5?5?5?5?5?5?5@ 00014364     Stm:Dump.obj
 0002:00003258       ??_C@_0DB@IEGNOFCN@VMCS_N_GUEST_CS_BASE?5?5?5?5?5?5?5?5?5?5?5?5@ 00014398     Stm:Dump.obj
 0002:0000328c       ??_C@_0DB@ENKNBCNB@VMCS_N_GUEST_ES_BASE?5?5?5?5?5?5?5?5?5?5?5?5@ 000143cc     Stm:Dump.obj
 0002:000032c0       ??_C@_0DB@KPFLOLHE@VMCS_N_GUEST_CR4?5?5?5?5?5?5?5?5?5?5?5?5?5?5?5?5@ 00014400     Stm:Dump.obj
 0002:000032f4       ??_C@_0DB@FANEFMPG@VMCS_N_GUEST_CR3?5?5?5?5?5?5?5?5?5?5?5?5?5?5?5?5@ 00014434     Stm:Dump.obj
 0002:00003328       ??_C@_0DB@DNFCKPKM@VMCS_N_GUEST_CR0?5?5?5?5?5?5?5?5?5?5?5?5?5?5?5?5@ 00014468     Stm:Dump.obj
 0002:0000335c       ??_C@_0DB@PECNIEGK@VMCS_32_GUEST_VMX_PREEMPTION_TIM@ 0001449c     Stm:Dump.obj
 0002:00003390       ??_C@_0DB@MHOJGKFP@VMCS_32_GUEST_IA32_SYSENTER_CS?5?5@ 000144d0     Stm:Dump.obj
 0002:000033c4       ??_C@_0DB@LGCJFNAC@VMCS_32_GUEST_SMBASE?5?5?5?5?5?5?5?5?5?5?5?5@ 00014504     Stm:Dump.obj
 0002:000033f8       ??_C@_0DB@GJEDDCDH@VMCS_32_GUEST_ACTIVITY_STATE?5?5?5?5@ 00014538     Stm:Dump.obj
 0002:0000342c       ??_C@_0DB@KPDIJDGC@VMCS_32_GUEST_INTERRUPTIBILITY_S@ 0001456c     Stm:Dump.obj
 0002:00003460       ??_C@_0DB@BOBEGAAG@VMCS_32_GUEST_TR_ACCESS_RIGHT?5?5?5@ 000145a0     Stm:Dump.obj
 0002:00003494       ??_C@_0DB@LPDOMAGM@VMCS_32_GUEST_LDTR_ACCESS_RIGHT?5@ 000145d4     Stm:Dump.obj
 0002:000034c8       ??_C@_0DB@POLPELGC@VMCS_32_GUEST_GS_ACCESS_RIGHT?5?5?5@ 00014608     Stm:Dump.obj
 0002:000034fc       ??_C@_0DB@DBCBFMKK@VMCS_32_GUEST_FS_ACCESS_RIGHT?5?5?5@ 0001463c     Stm:Dump.obj
 0002:00003530       ??_C@_0DB@HFGMHFHL@VMCS_32_GUEST_DS_ACCESS_RIGHT?5?5?5@ 00014670     Stm:Dump.obj
 0002:00003564       ??_C@_0DB@DJNPFMIL@VMCS_32_GUEST_SS_ACCESS_RIGHT?5?5?5@ 000146a4     Stm:Dump.obj
 0002:00003598       ??_C@_0DB@HGCFBIMA@VMCS_32_GUEST_CS_ACCESS_RIGHT?5?5?5@ 000146d8     Stm:Dump.obj
 0002:000035cc       ??_C@_0DB@LKPCGCLD@VMCS_32_GUEST_ES_ACCESS_RIGHT?5?5?5@ 0001470c     Stm:Dump.obj
 0002:00003600       ??_C@_0DB@BKCEEBGK@VMCS_32_GUEST_IDTR_LIMIT?5?5?5?5?5?5?5?5@ 00014740     Stm:Dump.obj
 0002:00003634       ??_C@_0DB@BMLGJKBM@VMCS_32_GUEST_GDTR_LIMIT?5?5?5?5?5?5?5?5@ 00014774     Stm:Dump.obj
 0002:00003668       ??_C@_0DB@DMFCJAIM@VMCS_32_GUEST_TR_LIMIT?5?5?5?5?5?5?5?5?5?5@ 000147a8     Stm:Dump.obj
 0002:0000369c       ??_C@_0DB@FNCAAFAA@VMCS_32_GUEST_LDTR_LIMIT?5?5?5?5?5?5?5?5@ 000147dc     Stm:Dump.obj
 0002:000036d0       ??_C@_0DB@NMPJLLOI@VMCS_32_GUEST_GS_LIMIT?5?5?5?5?5?5?5?5?5?5@ 00014810     Stm:Dump.obj
 0002:00003704       ??_C@_0DB@BDGHKMCA@VMCS_32_GUEST_FS_LIMIT?5?5?5?5?5?5?5?5?5?5@ 00014844     Stm:Dump.obj
 0002:00003738       ??_C@_0DB@FHCKIFPB@VMCS_32_GUEST_DS_LIMIT?5?5?5?5?5?5?5?5?5?5@ 00014878     Stm:Dump.obj
 0002:0000376c       ??_C@_0DB@BLJJKMAB@VMCS_32_GUEST_SS_LIMIT?5?5?5?5?5?5?5?5?5?5@ 000148ac     Stm:Dump.obj
 0002:000037a0       ??_C@_0DB@FEGDOIEK@VMCS_32_GUEST_CS_LIMIT?5?5?5?5?5?5?5?5?5?5@ 000148e0     Stm:Dump.obj
 0002:000037d4       ??_C@_0DB@JILEJCDJ@VMCS_32_GUEST_ES_LIMIT?5?5?5?5?5?5?5?5?5?5@ 00014914     Stm:Dump.obj
 0002:00003808       ??_C@_0DB@MMDEAANJ@VMCS_64_GUEST_PDPTE3?5?5?5?5?5?5?5?5?5?5?5?5@ 00014948     Stm:Dump.obj
 0002:0000383c       ??_C@_0DB@PAFEODNB@VMCS_64_GUEST_PDPTE2?5?5?5?5?5?5?5?5?5?5?5?5@ 0001497c     Stm:Dump.obj
 0002:00003870       ??_C@_0DB@LEPFMGMJ@VMCS_64_GUEST_PDPTE1?5?5?5?5?5?5?5?5?5?5?5?5@ 000149b0     Stm:Dump.obj
 0002:000038a4       ??_C@_0DB@IIJFCFMB@VMCS_64_GUEST_PDPTE0?5?5?5?5?5?5?5?5?5?5?5?5@ 000149e4     Stm:Dump.obj
 0002:000038d8       ??_C@_0DB@DBPGBHML@VMCS_64_GUEST_IA32_PERF_GLOBAL_C@ 00014a18     Stm:Dump.obj
 0002:0000390c       ??_C@_0DB@KALFLJCD@VMCS_64_GUEST_IA32_EFER?5?5?5?5?5?5?5?5?5@ 00014a4c     Stm:Dump.obj
 0002:00003940       ??_C@_0DB@GIBAKPBB@VMCS_64_GUEST_IA32_PAT?5?5?5?5?5?5?5?5?5?5@ 00014a80     Stm:Dump.obj
 0002:00003974       ??_C@_0DB@ILIOFJOA@VMCS_64_GUEST_IA32_DEBUGCTL?5?5?5?5?5@ 00014ab4     Stm:Dump.obj
 0002:000039a8       ??_C@_0DB@CKGOKMCC@VMCS_64_GUEST_VMCS_LINK_PTR?5?5?5?5?5@ 00014ae8     Stm:Dump.obj
 0002:000039dc       ??_C@_0DB@KIKNIMPA@VMCS_16_GUEST_TR?5?5?5?5?5?5?5?5?5?5?5?5?5?5?5?5@ 00014b1c     Stm:Dump.obj
 0002:00003a10       ??_C@_0DB@CMKNADC@VMCS_16_GUEST_LDTR?5?5?5?5?5?5?5?5?5?5?5?5?5?5@ 00014b50     Stm:Dump.obj
 0002:00003a44       ??_C@_0DB@EIAGKHJE@VMCS_16_GUEST_GS?5?5?5?5?5?5?5?5?5?5?5?5?5?5?5?5@ 00014b84     Stm:Dump.obj
 0002:00003a78       ??_C@_0DB@IHJILAFM@VMCS_16_GUEST_FS?5?5?5?5?5?5?5?5?5?5?5?5?5?5?5?5@ 00014bb8     Stm:Dump.obj
 0002:00003aac       ??_C@_0DB@MDNFJJIN@VMCS_16_GUEST_DS?5?5?5?5?5?5?5?5?5?5?5?5?5?5?5?5@ 00014bec     Stm:Dump.obj
 0002:00003ae0       ??_C@_0DB@IPGGLAHN@VMCS_16_GUEST_SS?5?5?5?5?5?5?5?5?5?5?5?5?5?5?5?5@ 00014c20     Stm:Dump.obj
 0002:00003b14       ??_C@_0DB@MAJMPEDG@VMCS_16_GUEST_CS?5?5?5?5?5?5?5?5?5?5?5?5?5?5?5?5@ 00014c54     Stm:Dump.obj
 0002:00003b48       ??_C@_0DB@MELIOEF@VMCS_16_GUEST_ES?5?5?5?5?5?5?5?5?5?5?5?5?5?5?5?5@ 00014c88     Stm:Dump.obj
 0002:00003b7c       ??_C@_0DB@DCIDAPPN@VMCS_N_RO_GUEST_LINEAR_ADDR?5?5?5?5?5@ 00014cbc     Stm:Dump.obj
 0002:00003bb0       ??_C@_0DB@EODOKGIJ@VMCS_N_RO_IO_RIP?5?5?5?5?5?5?5?5?5?5?5?5?5?5?5?5@ 00014cf0     Stm:Dump.obj
 0002:00003be4       ??_C@_0DB@DNCIIEIC@VMCS_N_RO_IO_RDI?5?5?5?5?5?5?5?5?5?5?5?5?5?5?5?5@ 00014d24     Stm:Dump.obj
 0002:00003c18       ??_C@_0DB@HBJLKNHC@VMCS_N_RO_IO_RSI?5?5?5?5?5?5?5?5?5?5?5?5?5?5?5?5@ 00014d58     Stm:Dump.obj
 0002:00003c4c       ??_C@_0DB@DPFFKBKM@VMCS_N_RO_IO_RCX?5?5?5?5?5?5?5?5?5?5?5?5?5?5?5?5@ 00014d8c     Stm:Dump.obj
 0002:00003c80       ??_C@_0DB@JLMGCLBH@VMCS_N_RO_EXIT_QUALIFICATION?5?5?5?5@ 00014dc0     Stm:Dump.obj
 0002:00003cb4       ??_C@_0DB@HIIHGKJB@VMCS_32_RO_VMEXIT_INSTRUCTION_IN@ 00014df4     Stm:Dump.obj
 0002:00003ce8       ??_C@_0DB@BNHNGKEE@VMCS_32_RO_VMEXIT_INSTRUCTION_LE@ 00014e28     Stm:Dump.obj
 0002:00003d1c       ??_C@_0DB@OBHDCMIJ@VMCS_32_RO_IDT_VECTORING_ERROR_C@ 00014e5c     Stm:Dump.obj
 0002:00003d50       ??_C@_0DB@LEAHGCBN@VMCS_32_RO_IDT_VECTORING_INFO?5?5?5@ 00014e90     Stm:Dump.obj
 0002:00003d84       ??_C@_0DB@MKDKEDMC@VMCS_32_RO_VMEXIT_INTERRUPTION_E@ 00014ec4     Stm:Dump.obj
 0002:00003db8       ??_C@_0DB@KCABNLED@VMCS_32_RO_VMEXIT_INTERRUPTION_I@ 00014ef8     Stm:Dump.obj
 0002:00003dec       ??_C@_0DB@HIOLGANH@VMCS_32_RO_EXIT_REASON?5?5?5?5?5?5?5?5?5?5@ 00014f2c     Stm:Dump.obj
 0002:00003e20       ??_C@_0DB@BDPEEIFJ@VMCS_32_RO_VM_INSTRUCTION_ERROR?5@ 00014f60     Stm:Dump.obj
 0002:00003e54       ??_C@_0DB@KJHGKNAD@VMCS_64_RO_GUEST_PHYSICAL_ADDR?5?5@ 00014f94     Stm:Dump.obj
 0002:00003e88       ??_C@_0DB@KGNMEEHB@VMCS_N_CONTROL_CR3_TARGET_VALUE3@ 00014fc8     Stm:Dump.obj
 0002:00003ebc       ??_C@_0DB@EJIOPCJA@VMCS_N_CONTROL_CR3_TARGET_VALUE2@ 00014ffc     Stm:Dump.obj
 0002:00003ef0       ??_C@_0DB@KDAICPPC@VMCS_N_CONTROL_CR3_TARGET_VALUE1@ 00015030     Stm:Dump.obj
 0002:00003f24       ??_C@_0DB@EMFKJJBD@VMCS_N_CONTROL_CR3_TARGET_VALUE0@ 00015064     Stm:Dump.obj
 0002:00003f58       ??_C@_0DB@BMNDIHMJ@VMCS_N_CONTROL_CR4_READ_SHADOW?5?5@ 00015098     Stm:Dump.obj
 0002:00003f8c       ??_C@_0DB@GNFJJNOD@VMCS_N_CONTROL_CR0_READ_SHADOW?5?5@ 000150cc     Stm:Dump.obj
 0002:00003fc0       ??_C@_0DB@HEKOBEKA@VMCS_N_CONTROL_CR4_GUEST_HOST_MA@ 00015100     Stm:Dump.obj
 0002:00003ff4       ??_C@_0DB@FCEAOIK@VMCS_N_CONTROL_CR0_GUEST_HOST_MA@ 00015134     Stm:Dump.obj
 0002:00004028       ??_C@_0DB@BKDHKOGF@VMCS_32_CONTROL_PLE_WINDOW?5?5?5?5?5?5@ 00015168     Stm:Dump.obj
 0002:0000405c       ??_C@_0DB@KPEFFMGD@VMCS_32_CONTROL_PLE_GAP?5?5?5?5?5?5?5?5?5@ 0001519c     Stm:Dump.obj
 0002:00004090       ??_C@_0DB@MNIMNAFJ@VMCS_32_CONTROL_2ND_PROCESSOR_BA@ 000151d0     Stm:Dump.obj
 0002:000040c4       ??_C@_0DB@ICPHLAAF@VMCS_32_CONTROL_TPR_THRESHOLD?5?5?5@ 00015204     Stm:Dump.obj
 0002:000040f8       ??_C@_0DB@IODHICLP@VMCS_32_CONTROL_VMENTRY_INSTRUCT@ 00015238     Stm:Dump.obj
 0002:0000412c       ??_C@_0DB@HIOEEBLP@VMCS_32_CONTROL_VMENTRY_EXCEPTIO@ 0001526c     Stm:Dump.obj
 0002:00004160       ??_C@_0DB@PIIFKLGM@VMCS_32_CONTROL_VMENTRY_INTERRUP@ 000152a0     Stm:Dump.obj
 0002:00004194       ??_C@_0DB@EKNKDNHD@VMCS_32_CONTROL_VMENTRY_MSR_LOAD@ 000152d4     Stm:Dump.obj
 0002:000041c8       ??_C@_0DB@DBNHNLPI@VMCS_32_CONTROL_VMENTRY_CONTROLS@ 00015308     Stm:Dump.obj
 0002:000041fc       ??_C@_0DB@DFIPHPLG@VMCS_32_CONTROL_VMEXIT_MSR_LOAD_@ 0001533c     Stm:Dump.obj
 0002:00004230       ??_C@_0DB@HIDCOLGM@VMCS_32_CONTROL_VMEXIT_MSR_STORE@ 00015370     Stm:Dump.obj
 0002:00004264       ??_C@_0DB@EPJOCIPI@VMCS_32_CONTROL_VMEXIT_CONTROLS?5@ 000153a4     Stm:Dump.obj
 0002:00004298       ??_C@_0DB@FBNGBJNN@VMCS_32_CONTROL_CR3_TARGET_COUNT@ 000153d8     Stm:Dump.obj
 0002:000042cc       ??_C@_0DB@NLEABDJ@VMCS_32_CONTROL_PAGE_FAULT_ERROR@ 0001540c     Stm:Dump.obj
 0002:00004300       ??_C@_0DB@CGJHFMH@VMCS_32_CONTROL_PAGE_FAULT_ERROR@ 00015440     Stm:Dump.obj
 0002:00004334       ??_C@_0DB@GFKBLMCH@VMCS_32_CONTROL_EXCEPTION_BITMAP@ 00015474     Stm:Dump.obj
 0002:00004368       ??_C@_0DB@LPJGOKFI@VMCS_32_CONTROL_PROCESSOR_BASED_@ 000154a8     Stm:Dump.obj
 0002:0000439c       ??_C@_0DB@HEDMPOPJ@VMCS_32_CONTROL_PIN_BASED_VM_EXE@ 000154dc     Stm:Dump.obj
 0002:000043d0       ??_C@_0DB@IKPCCKIK@VMCS_64_CONTROL_EPT_PTR?5?5?5?5?5?5?5?5?5@ 00015510     Stm:Dump.obj
 0002:00004404       ??_C@_0DB@LDDDNFIA@VMCS_64_CONTROL_APIC_ACCESS_ADDR@ 00015544     Stm:Dump.obj
 0002:00004438       ??_C@_0DB@CHGDGBKK@VMCS_64_CONTROL_VIRTUAL_APIC_ADD@ 00015578     Stm:Dump.obj
 0002:0000446c       ??_C@_0DB@BPDGIHNM@VMCS_64_CONTROL_TSC_OFFSET?5?5?5?5?5?5@ 000155ac     Stm:Dump.obj
 0002:000044a0       ??_C@_0DB@HKDMLBHB@VMCS_64_CONTROL_EXECUTIVE_VMCS_P@ 000155e0     Stm:Dump.obj
 0002:000044d4       ??_C@_0DB@JINHCHCC@VMCS_64_CONTROL_VMENTRY_MSR_LOAD@ 00015614     Stm:Dump.obj
 0002:00004508       ??_C@_0DB@FOANOIIM@VMCS_64_CONTROL_VMEXIT_MSR_LOAD?5@ 00015648     Stm:Dump.obj
 0002:0000453c       ??_C@_0DB@KKDPPBDN@VMCS_64_CONTROL_VMEXIT_MSR_STORE@ 0001567c     Stm:Dump.obj
 0002:00004570       ??_C@_0DB@DOBCHHGP@VMCS_64_CONTROL_MSR_BITMAP?5?5?5?5?5?5@ 000156b0     Stm:Dump.obj
 0002:000045a4       ??_C@_0DB@MOJAANIJ@VMCS_64_CONTROL_IO_BITMAP_B?5?5?5?5?5@ 000156e4     Stm:Dump.obj
 0002:000045d8       ??_C@_0DB@LIHFDELE@VMCS_64_CONTROL_IO_BITMAP_A?5?5?5?5?5@ 00015718     Stm:Dump.obj
 0002:0000460c       ??_C@_0DB@NCEFFFG@VMCS_16_CONTROL_VPID?5?5?5?5?5?5?5?5?5?5?5?5@ 0001574c     Stm:Dump.obj
 0002:00004640       ??_C@_0BK@ILEDFJFJ@VMX_EPT_VPID_CAP_MSR?5?5?5?5?5?$AA@ 00015780     Stm:Dump.obj
 0002:0000465c       ??_C@_0BK@PHKDABDD@VMX_PROCBASED_CTLS2_MSR?5?5?$AA@ 0001579c     Stm:Dump.obj
 0002:00004678       ??_C@_0BK@DGFNJIKK@VMX_VMCS_ENUM_MSR?5?5?5?5?5?5?5?5?$AA@ 000157b8     Stm:Dump.obj
 0002:00004694       ??_C@_0BK@NIIGIENJ@VMX_CR4_FIXED1_MSR?5?5?5?5?5?5?5?$AA@ 000157d4     Stm:Dump.obj
 0002:000046b0       ??_C@_0BK@FBAFNFM@VMX_CR4_FIXED0_MSR?5?5?5?5?5?5?5?$AA@ 000157f0     Stm:Dump.obj
 0002:000046cc       ??_C@_0BK@JGGLGPIA@VMX_CR0_FIXED1_MSR?5?5?5?5?5?5?5?$AA@ 0001580c     Stm:Dump.obj
 0002:000046e8       ??_C@_0BK@ELPNLGAF@VMX_CR0_FIXED0_MSR?5?5?5?5?5?5?5?$AA@ 00015828     Stm:Dump.obj
 0002:00004704       ??_C@_0BK@OJLCKLAO@VMX_MISC_MSR?5?5?5?5?5?5?5?5?5?5?5?5?5?$AA@ 00015844     Stm:Dump.obj
 0002:00004720       ??_C@_0BK@LKJNFHPI@VMX_ENTRY_CTLS_MSR?5?5?5?5?5?5?5?$AA@ 00015860     Stm:Dump.obj
 0002:0000473c       ??_C@_0BK@FHKHBDGB@VMX_EXIT_CTLS_MSR?5?5?5?5?5?5?5?5?$AA@ 0001587c     Stm:Dump.obj
 0002:00004758       ??_C@_0BK@IJIGBLPC@VMX_PROCBASED_CTLS_MSR?5?5?5?$AA@ 00015898     Stm:Dump.obj
 0002:00004774       ??_C@_0BK@BBIPMADM@VMX_PINBASED_CTLS_MSR?5?5?5?5?$AA@ 000158b4     Stm:Dump.obj
 0002:00004790       ??_C@_0BK@OIKHOJNB@VMX_BASIC_MSR?5?5?5?5?5?5?5?5?5?5?5?5?$AA@ 000158d0     Stm:Dump.obj
 0002:000047ac       ??_C@_0M@EBINIFEF@?$CFa?3?5?$CF016lx?6?$AA@ 000158ec     Stm:Dump.obj
 0002:000047b8       ??_C@_09MKNCOEE@?$CFa?3?5?$CF04x?6?$AA@ 000158f8     Stm:Dump.obj
 0002:000047c4       ??_C@_09EGHLJBPM@?$CFa?3?5?$CF08x?6?$AA@ 00015904     Stm:Dump.obj
 0002:000047d0       ??_C@_0EJ@DJDFLMKA@SmiEventHandler?5?9?5ExecutiveVmcsP@ 00015910     Stm:SmiEventHandler.obj
 0002:00004820       ??_C@_0EE@PNEMAMAF@SmiEventHandler?5?9?5VmcsLinkPtr?5vi@ 00015960     Stm:SmiEventHandler.obj
 0002:00004864       ??_C@_0BG@KCCBIGGH@?$CB?$CB?$CBResumeSmm?5FAIL?$CB?$CB?$CB?6?$AA@ 000159a4     Stm:SmiEventHandler.obj
 0002:0000487c       ??_C@_0BG@GPPHLGPI@?$CB?$CB?$CBLaunchSmm?5FAIL?$CB?$CB?$CB?6?$AA@ 000159bc     Stm:SmiEventHandler.obj
 0002:00004894       ??_C@_0CA@IELJOJAG@STM_API_INITIALIZE_PROTECTION?3?6?$AA@ 000159d4     Stm:SmiVmcallHandler.obj
 0002:000048b4       ??_C@_0BE@LELADDBE@?$CFld?5STM_API_START?3?6?$AA@ 000159f4     Stm:SmiVmcallHandler.obj
 0002:000048c8       ??_C@_0CP@EDAGCNGE@?$CFd?5STM_API_START?5?9?9?5Error?5STM?5al@ 00015a08     Stm:SmiVmcallHandler.obj
 0002:000048f8       ??_C@_0P@CKFLOHBB@STM_API_STOP?3?6?$AA@ 00015a38     Stm:SmiVmcallHandler.obj
 0002:00004908       ??_C@_0N@BHENNNLL@CpuDeadLoop?6?$AA@ 00015a48     Stm:SmiVmcallHandler.obj
 0002:00004918       ??_C@_0BL@DPGGPFMB@STM_API_PROTECT_RESOURCE?3?6?$AA@ 00015a58     Stm:SmiVmcallHandler.obj
 0002:00004934       ??_C@_0BL@GOAKMGOL@IsResourceListValid?5fail?$CB?6?$AA@ 00015a74     Stm:SmiVmcallHandler.obj
 0002:00004950       ??_C@_0BL@EICOKHPF@IsResourceListValid?5pass?$CB?6?$AA@ 00015a90     Stm:SmiVmcallHandler.obj
 0002:0000496c       ??_C@_0BN@KNDBGFA@IsResourceListOverlap?5fail?$CB?6?$AA@ 00015aac     Stm:SmiVmcallHandler.obj
 0002:0000498c       ??_C@_0BN@CMPHHHEO@IsResourceListOverlap?5pass?$CB?6?$AA@ 00015acc     Stm:SmiVmcallHandler.obj
 0002:000049ac       ??_C@_0BM@OJIENIPD@AddProtectedResource?5fail?$CB?6?$AA@ 00015aec     Stm:SmiVmcallHandler.obj
 0002:000049c8       ??_C@_0BN@JNNBDOPD@STM_API_UNPROTECT_RESOURCE?3?6?$AA@ 00015b08     Stm:SmiVmcallHandler.obj
 0002:000049e8       ??_C@_0BN@GCKFPKMD@STM_API_GET_BIOS_RESOURCES?3?6?$AA@ 00015b28     Stm:SmiVmcallHandler.obj
 0002:00004a08       ??_C@_0BF@POPBJPAC@Security?5Violation?$CB?6?$AA@ 00015b48     Stm:SmiVmcallHandler.obj
 0002:00004a20       ??_C@_0DC@BMEMBOJA@BiosResource?5?$CI?$CFd?$CJ?5?9?5?$CF016lx?$CI?$CF08x?$CJ@ 00015b60     Stm:SmiVmcallHandler.obj
 0002:00004a58       ??_C@_0FB@BDIGLBKL@SmiVmcallGetBiosResourcesHandler@ 00015b98     Stm:SmiVmcallHandler.obj
 0002:00004aac       ??_C@_0BP@FLDODHN@STM_API_MANAGE_VMCS_DATABASE?3?6?$AA@ 00015bec     Stm:SmiVmcallHandler.obj
 0002:00004acc       ??_C@_0BN@GPNDBCDA@VMCS?5Database?5?$CI?$CFd?$CJ?5?9?5?$CF016lx?6?$AA@ 00015c0c     Stm:SmiVmcallHandler.obj
 0002:00004aec       ??_C@_0BJ@EIJNBONP@NEW_LOG?3?5PageCount?5?9?5?$CFx?6?$AA@ 00015c2c     Stm:SmiVmcallHandler.obj
 0002:00004b08       ??_C@_0BB@OIMEALCL@Page?$CI?$CFx?$CJ?5?9?5?$CF08x?6?$AA@ 00015c48     Stm:SmiVmcallHandler.obj
 0002:00004b1c       ??_C@_01EEMJAFIK@?6?$AA@   00015c5c     Stm:SmiVmcallHandler.obj
 0002:00004b20       ??_C@_0CE@EJIKLEFB@CONFIGURE_LOG?3?5EventEnables?5?9?5?$CI?$CF@ 00015c60     Stm:SmiVmcallHandler.obj
 0002:00004b44       ??_C@_0M@FJGMJDAB@START_LOG?3?6?$AA@ 00015c84     Stm:SmiVmcallHandler.obj
 0002:00004b50       ??_C@_0L@DDKCJIIN@STOP_LOG?3?6?$AA@ 00015c90     Stm:SmiVmcallHandler.obj
 0002:00004b5c       ??_C@_0M@BLIIIMDK@CLEAR_LOG?3?6?$AA@ 00015c9c     Stm:SmiVmcallHandler.obj
 0002:00004b68       ??_C@_0N@GNAJGNAG@DELETE_LOG?3?6?$AA@ 00015ca8     Stm:SmiVmcallHandler.obj
 0002:00004b78       ??_C@_0BL@KLICFFKK@STM_API_MANAGE_EVENT_LOG?3?6?$AA@ 00015cb8     Stm:SmiVmcallHandler.obj
 0002:00004b94       ??_C@_0CK@BDFJFKPF@GetSmiVmcallEventLogHandlerByInd@ 00015cd4     Stm:SmiVmcallHandler.obj
 0002:00004bc0       ??_C@_0BG@DELLENOI@STM_API_ADD_TEMP_VM?3?6?$AA@ 00015d00     Stm:SmiVmcallHandler.obj
 0002:00004bd8       ??_C@_0BG@JOMCDDBL@STM_API_ADD_PERM_VM?3?6?$AA@ 00015d18     Stm:SmiVmcallHandler.obj
 0002:00004bf0       ??_C@_0EE@OFICDHKA@?$CFld?5SmiVmcallAddPermPeVmNoRunHan@ 00015d30     Stm:SmiVmcallHandler.obj
 0002:00004c34       ??_C@_0DM@CMLMEFDB@?$CFld?5SmiVmcallAddPermPeVmNoRunHan@ 00015d74     Stm:SmiVmcallHandler.obj
 0002:00004c70       ??_C@_0BL@CEANBCPC@?5?$CFld?5STM_API_RUN_PERM_VM?3?6?$AA@ 00015db0     Stm:SmiVmcallHandler.obj
 0002:00004c8c       ??_C@_0BK@JNDJEAPF@?5?$CFld?5Security?5Violation?$CB?6?$AA@ 00015dcc     Stm:SmiVmcallHandler.obj
 0002:00004ca8       ??_C@_0BG@LNDBNKCG@STM_API_END_PERM_VM?3?6?$AA@ 00015de8     Stm:SmiVmcallHandler.obj
 0002:00004cc0       ??_C@_0CH@EIBBMKMA@STM_API_END_PERM_VM?5?9?5not?5implem@ 00015e00     Stm:SmiVmcallHandler.obj
 0002:00004ce8       ??_C@_0DJ@IBHBILBI@?$CFld?5SmiVmcallHandler?5?9?5GetSmiVmc@ 00015e28     Stm:SmiVmcallHandler.obj
 0002:00004d24       ??_C@_0DA@CHPAIPKE@?$CFld?5SmiVmcallHandler?5?9?5?$CK?$CK?$CKError?$CK@ 00015e64     Stm:SmiVmcallHandler.obj
 0002:00004d54       ??_C@_0CI@DFODMIJP@?5?$CFld?5SmiVmcallHandler?5done?0?5Stat@ 00015e94     Stm:SmiVmcallHandler.obj
 0002:00004d7c       ??_C@_0CP@KEIPENEJ@StartTimer?5?9?5smi_en?3?50x?$CF08lx?5smi@ 00015ebc     Stm:PePciHandler.obj
 0002:00004dac       ??_C@_0CO@DJMGJNDK@SetEndOfSmi?5smi_en?3?50x?$CF08lx?5smi_@ 00015eec     Stm:PePciHandler.obj
 0002:00004ddc       ??_C@_0CN@JKHFJGOF@AckTimer?5?9?5smi_en?3?50x?$CF08lx?5smi_s@ 00015f1c     Stm:PePciHandler.obj
 0002:00004e0c       ??_C@_0DA@BGJIKNOH@StopSwTimer?5?9?5smi_en?3?50x?$CF08lx?5sm@ 00015f4c     Stm:PePciHandler.obj
 0002:00004e3c       ??_C@_0CO@HGHHHBGL@?$CFld?5CheckTimerSTS?5?9?5Timer?5Interr@ 00015f7c     Stm:PePciHandler.obj
 0002:00004e70       ??_C@_0EJ@MFILAOLJ@?$CFld?5PeEPTViolationHandler?5?9?5PE?5E@ 00015fb0     Stm:PeEptHandler.obj
 0002:00004ec0       ??_C@_0GG@DIFGOCAM@?$CFld?5PeEPTViolationHandler?5?9?5Prot@ 00016000     Stm:PeEptHandler.obj
 0002:00004f28       ??_C@_0CJ@HMONFPGP@PeEPTViolationHandler?5?9?5Access?5A@ 00016068     Stm:PeEptHandler.obj
 0002:00004f54       ??_C@_0DN@MGAPFKFK@PeEPTViolationHandler?5?9?5Access?5A@ 00016094     Stm:PeEptHandler.obj
 0002:00004f94       ??_C@_05HNPPNPM@Valid?$AA@ 000160d4     Stm:PeEptHandler.obj
 0002:00004f9c       ??_C@_07DJMIGIHO@Invalid?$AA@ 000160dc     Stm:PeEptHandler.obj
 0002:00004fa4       ??_C@_0CL@JINMGGDL@PeEPTViolationHandler?5?9?5Linear?5a@ 000160e4     Stm:PeEptHandler.obj
 0002:00004fd0       ??_C@_0BO@JHNHBNMN@Guest?5Physical?5EPT?5violation?5?$AA@ 00016110     Stm:PeEptHandler.obj
 0002:00004ff0       ??_C@_0BH@MMKAGBNJ@Paging?5structure?5error?$AA@ 00016130     Stm:PeEptHandler.obj
 0002:00005008       ??_C@_0ED@OFNLNLAB@?$CFld?5PeEPTMisconfigurationHandler@ 00016148     Stm:PeEptHandler.obj
 0002:0000504c       ??_C@_0CP@ONBHECHB@ld?5PeEPTMisconfigurationHandler?5@ 0001618c     Stm:PeEptHandler.obj
 0002:00005080       ??_C@_0EB@MJFBEDCF@?$CFld?5PeInvEPTHandler?5?9?5PE?5?9?5Inval@ 000161c0     Stm:PeEptHandler.obj
 0002:000050c4       ??_C@_0CD@CNMNEOKH@?$CFld?5PeInvEPTHandler?5?9?5CpuDeadLoo@ 00016204     Stm:PeEptHandler.obj
 0002:000050e8       ??_C@_0BJ@EBFHJBJC@PeEptFree?5Entered?3?5?$CFllx?6?$AA@ 00016228     Stm:PeEptHandler.obj
 0002:00005104       ??_C@_0BL@MANFPCPD@PeEptFreeL3?5Entered?3?5?$CFllx?6?$AA@ 00016244     Stm:PeEptHandler.obj
 0002:00005120       ??_C@_0BL@EHHDDJLA@PeEptFreeL2?5Entered?3?5?$CFllx?6?$AA@ 00016260     Stm:PeEptHandler.obj
 0002:0000513c       ??_C@_0DE@IHNCAGGP@PeEptFreeL2?5?9?5L1Table?3?50x?$CF016llx@ 0001627c     Stm:PeEptHandler.obj
 0002:00005170       ??_C@_0DJ@HGHCBCIM@PeInitStmHandlerSmm?5?9?5initilizat@ 000162b0     Stm:PeSmmHandler.obj
[...]
 0002:00008f38       ??_C@_0BO@DCCMMBPI@VMCS_64_CONTROL_EPT_PTR_INDEX?$AA@ 0001a078     Stm:VmcsMapper.obj
 0002:00008f58       ??_C@_0CL@FOELFCKG@VMCS_64_CONTROL_VM_FUNCTION_CONT@ 0001a098     Stm:VmcsMapper.obj
 0002:00008f84       ??_C@_0CH@DFBNKEPJ@VMCS_64_CONTROL_APIC_ACCESS_ADDR@ 0001a0c4     Stm:VmcsMapper.obj
 0002:00008fac       ??_C@_0CI@DKDNPCHC@VMCS_64_CONTROL_VIRTUAL_APIC_ADD@ 0001a0ec     Stm:VmcsMapper.obj
 0002:00008fd4       ??_C@_0CB@KMEEGKOD@VMCS_64_CONTROL_TSC_OFFSET_INDEX@ 0001a114     Stm:VmcsMapper.obj
 0002:00008ff8       ??_C@_0CJ@LFLOAIBP@VMCS_64_CONTROL_EXECUTIVE_VMCS_P@ 0001a138     Stm:VmcsMapper.obj
 0002:00009024       ??_C@_0CH@EDDDEFMP@VMCS_64_CONTROL_VMENTRY_MSR_LOAD@ 0001a164     Stm:VmcsMapper.obj
 0002:0000904c       ??_C@_0CG@FFLPEBCD@VMCS_64_CONTROL_VMEXIT_MSR_LOAD_@ 0001a18c     Stm:VmcsMapper.obj
 0002:00009074       ??_C@_0CH@PAJKNIGN@VMCS_64_CONTROL_VMEXIT_MSR_STORE@ 0001a1b4     Stm:VmcsMapper.obj
 0002:0000909c       ??_C@_0CB@ENJFPEM@VMCS_64_CONTROL_MSR_BITMAP_INDEX@ 0001a1dc     Stm:VmcsMapper.obj
 0002:000090c0       ??_C@_0CC@BNOBOFDN@VMCS_64_CONTROL_IO_BITMAP_B_INDE@ 0001a200     Stm:VmcsMapper.obj
 0002:000090e4       ??_C@_0CC@JDGOOCNO@VMCS_64_CONTROL_IO_BITMAP_A_INDE@ 0001a224     Stm:VmcsMapper.obj
 0002:00009108       ??_C@_0BG@MIAPCAFI@VMCS_16_HOST_TR_INDEX?$AA@ 0001a248     Stm:VmcsMapper.obj
 0002:00009120       ??_C@_0BG@JBOIFOHC@VMCS_16_HOST_GS_INDEX?$AA@ 0001a260     Stm:VmcsMapper.obj
 0002:00009138       ??_C@_0BG@IGJDEKDB@VMCS_16_HOST_FS_INDEX?$AA@ 0001a278     Stm:VmcsMapper.obj
 0002:00009150       ??_C@_0BG@KIGFGCLH@VMCS_16_HOST_DS_INDEX?$AA@ 0001a290     Stm:VmcsMapper.obj
 0002:00009168       ??_C@_0BG@GAMEENAP@VMCS_16_HOST_SS_INDEX?$AA@ 0001a2a8     Stm:VmcsMapper.obj
 0002:00009180       ??_C@_0BG@MMAEAPHO@VMCS_16_HOST_CS_INDEX?$AA@ 0001a2c0     Stm:VmcsMapper.obj
 0002:00009198       ??_C@_0BG@LPBOHGPE@VMCS_16_HOST_ES_INDEX?$AA@ 0001a2d8     Stm:VmcsMapper.obj
 0002:000091b0       ??_C@_0BB@NDIELGDJ@VMCS_16_GUEST_TR?$AA@ 0001a2f0     Stm:VmcsMapper.obj
 0002:000091c4       ??_C@_0BD@OKFMCFDN@VMCS_16_GUEST_LDTR?$AA@ 0001a304     Stm:VmcsMapper.obj
 0002:000091d8       ??_C@_0BB@NEPPJKFB@VMCS_16_GUEST_GS?$AA@ 0001a318     Stm:VmcsMapper.obj
 0002:000091ec       ??_C@_0BB@NFDNPAGG@VMCS_16_GUEST_FS?$AA@ 0001a32c     Stm:VmcsMapper.obj
 0002:00009200       ??_C@_0BB@NGLJCEAI@VMCS_16_GUEST_DS?$AA@ 0001a340     Stm:VmcsMapper.obj
 0002:00009214       ??_C@_0BB@MPNAJBPN@VMCS_16_GUEST_SS?$AA@ 0001a354     Stm:VmcsMapper.obj
 0002:00009228       ??_C@_0BB@NHHLEODP@VMCS_16_GUEST_ES?$AA@ 0001a368     Stm:VmcsMapper.obj
 0002:0000923c       ??_C@_0BF@JLKAJIMP@VMCS_16_CONTROL_VPID?$AA@ 0001a37c     Stm:VmcsMapper.obj
 0002:00009254       ??_C@_09HPHGJJOM@MapVmcs?3?5?$AA@ 0001a394     Stm:VmcsMapper.obj
 0002:00009260       ??_C@_0CG@BDNKBNGF@?5?3?5?5?50x?$CF08x?5?3?50x?$CF08lx?5?3?5FV?50x?$CF01@ 0001a3a0     Stm:VmcsMapper.obj
 0002:00009288       ??_C@_0CD@HLAGBJK@MapVmcs?3?5?5Field?1Offset?5validatio@ 0001a3c8     Stm:VmcsMapper.obj
 0002:000092ac       ??_C@_0CN@NFCFKJMP@?5?5VMREAD?3?50x?$CF016llx?5?5Offset?5read@ 0001a3ec     Stm:VmcsMapper.obj
 0002:000092dc       ??_C@_0CO@NCJDBBLH@GetVmcsOffset?5?9?5encoding?3?50x?$CFlx?5@ 0001a41c     Stm:VmcsMapper.obj
 0002:0000930c       ??_C@_0DP@ONBAGKBG@GetVmcsOffset?5?9?5no?5VMCS?5offset?5f@ 0001a44c     Stm:VmcsMapper.obj
 0002:0000934c       ??_C@_0DG@JMDIPIKO@?5?$CFld?5SignalPeVm?5?9?5APIC?5mode?5inva@ 0001a48c     Stm:PeApicHandler.obj
 0002:00009388       ??_C@_0GF@EJCFKLOI@?$CFld?5SignalPeVm?5?9?5Sent?5NMI?5to?5Api@ 0001a4c8     Stm:PeApicHandler.obj
 0002:000093f0       ??_C@_0ED@BFFJNDAN@?$CFld?5SendSmiToOtherProcessors?5?9?5A@ 0001a530     Stm:PeApicHandler.obj
 0002:00009438       ??_C@_0HA@KJGOKJKB@?$CFld?5SendSmiToOtherProcessors?5?9?5S@ 0001a578     Stm:PeApicHandler.obj
 0002:000094a8       ??_C@_0DE@CPMBIMOE@?$CB?$CB?$CBMapVirtualAddressToPhysicalAd@ 0001a5e8     Stm:PageTable.obj
 0002:000094e0       ??_C@_0GA@CMIFMFPI@?$CISuperPageSize?5?$DN?$DN?50x00001000?$CJ?5?$HM?$HM@ 0001a620     Stm:PageTable.obj
 0002:00009540       ??_C@_0EF@PALICNFC@z?3?2stm_reference?2stmpegit?2stm?9pe@ 0001a680     Stm:PageTable.obj
 0002:00009588       ??_C@_0BF@LAMFDCFD@SpeRip?5unsupported?$CB?6?$AA@ 0001a6c8     Stm:SmmException.obj
 0002:000095a0       ??_C@_0CD@MEGDGKLJ@ResumeToBiosExceptionHandler?5?9?5?$CF@ 0001a6e0     Stm:SmmException.obj
 0002:000095c4       ??_C@_0CJ@JGNJEHOG@?$CB?$CB?$CBResumeToBiosExceptionHandler?5@ 0001a704     Stm:SmmException.obj
 0002:000095f0       ??_C@_0CF@MKEJDDJ@ReturnFromBiosExceptionHandler?5?9@ 0001a730     Stm:SmmException.obj
 0002:00009618       ??_C@_0CL@KLJJEIEL@?$CB?$CB?$CBReturnFromBiosExceptionHandle@ 0001a758     Stm:SmmException.obj
 0002:00009644       ??_C@_0BH@LKMBFCBF@Format?5?$CB?$DN?5?$CI?$CIvoid?5?$CK?$CJ?50?$CJ?$AA@ 0001a784     MpSafDebugLibSerialPort:DebugLib.obj
 0002:00009660       ??_C@_0FI@NMJGLIMP@z?3?2stm_reference?2stmpegit?2stm?9pe@ 0001a7a0     MpSafDebugLibSerialPort:DebugLib.obj
 0002:000096b8       ??_C@_06BCCOJNAF@?$CISTM?$CJ?5?$AA@ 0001a7f8     MpSafDebugLibSerialPort:DebugLib.obj
 0002:000096c0       ??_C@_0BD@OMEPNDED@ASSERT?5?$CFa?$CI?$CFd?$CJ?3?5?$CFa?6?$AA@ 0001a800     MpSafDebugLibSerialPort:DebugLib.obj
 0002:000096d4       ??_C@_0BH@IACGKAP@Buffer?5?$CB?$DN?5?$CI?$CIvoid?5?$CK?$CJ?50?$CJ?$AA@ 0001a814     MpSafDebugLibSerialPort:DebugLib.obj
 0002:000096ec       ??_C@_0BJ@FKJAAJLB@SpinLock?5?$CB?$DN?5?$CI?$CIvoid?5?$CK?$CJ?50?$CJ?$AA@ 0001a82c     SimpleSynchronizationLib:SynchronizationMsc.obj
 0002:00009708       ??_C@_0GC@BACIOKFE@z?3?2stm_reference?2stmpegit?2stm?9pe@ 0001a848     SimpleSynchronizationLib:SynchronizationMsc.obj
 0002:0000976c       ??_C@_0DF@GPAOIIHK@LockValue?5?$DN?$DN?5?$CI?$CIUINTN?$CJ?52?$CJ?5?$HM?$HM?5Lock@ 0001a8ac     SimpleSynchronizationLib:SynchronizationMsc.obj
 0002:000097a4       ??_C@_0BG@GJANEBOB@Value?5?$CB?$DN?5?$CI?$CIvoid?5?$CK?$CJ?50?$CJ?$AA@ 0001a8e4     SimpleSynchronizationLib:SynchronizationMsc.obj
 0002:000097c0       ??_C@_0FM@GGCKEIDP@z?3?2stm_reference?2stmpegit?2stm?9pe@ 0001a900     BaseIoLibIntrinsic:IoLib.obj
 0002:0000981c       ??_C@_0BD@KOOFJLFH@?$CIAddress?5?$CG?51?$CJ?5?$DN?$DN?50?$AA@ 0001a95c     BaseIoLibIntrinsic:IoLib.obj
 0002:00009830       ??_C@_0BD@OMMAJMCK@?$CIAddress?5?$CG?53?$CJ?5?$DN?$DN?50?$AA@ 0001a970     BaseIoLibIntrinsic:IoLib.obj
 0002:00009844       ??_C@_0BD@GIIKJCNA@?$CIAddress?5?$CG?57?$CJ?5?$DN?$DN?50?$AA@ 0001a984     BaseIoLibIntrinsic:IoLib.obj
 0002:00009858       ??_C@_0BA@DAGHIEBA@?$CIPort?5?$CG?51?$CJ?5?$DN?$DN?50?$AA@ 0001a998     BaseIoLibIntrinsic:IoLibMsc.obj
 0002:00009868       ??_C@_0FP@HHDMEPAF@z?3?2stm_reference?2stmpegit?2stm?9pe@ 0001a9a8     BaseIoLibIntrinsic:IoLibMsc.obj
 0002:000098c8       ??_C@_0BA@HCECIDGN@?$CIPort?5?$CG?53?$CJ?5?$DN?$DN?50?$AA@ 0001aa08     BaseIoLibIntrinsic:IoLibMsc.obj
 0002:000098d8       ??_C@_0DI@PHOMHDKH@?$CILength?5?9?51?$CJ?5?$DM?$DN?5?$CI0xFFFFFFFF?5?9?5?$CIU@ 0001aa18     BaseMemoryLib:CopyMemWrapper.obj
 0002:00009910       ??_C@_0GA@KKENBGFN@z?3?2stm_reference?2stmpegit?2stm?9pe@ 0001aa50     BaseMemoryLib:CopyMemWrapper.obj
 0002:00009970       ??_C@_0DD@DCDOHCDJ@?$CILength?5?9?51?$CJ?5?$DM?$DN?5?$CI0xFFFFFFFF?5?9?5?$CIU@ 0001aab0     BaseMemoryLib:CopyMemWrapper.obj
 0002:000099a4       ??_C@_0CI@MNELLLEK@?$CB?$CIBuffer?5?$DN?$DN?5?$CI?$CIvoid?5?$CK?$CJ?50?$CJ?5?$CG?$CG?5Leng@ 0001aae4     BaseMemoryLib:ZeroMemWrapper.obj
 0002:000099d0       ??_C@_0GA@BOOPHHJK@z?3?2stm_reference?2stmpegit?2stm?9pe@ 0001ab10     BaseMemoryLib:ZeroMemWrapper.obj
 0002:00009a30       ??_C@_0CL@OBMFBPED@Length?5?$DM?$DN?5?$CI0xFFFFFFFF?5?9?5?$CIUINTN?$CJB@ 0001ab70     BaseMemoryLib:ZeroMemWrapper.obj
 0002:00009a5c       ??_C@_0CC@JOEHDGKB@DestinationBuffer?5?$CB?$DN?5?$CI?$CIvoid?5?$CK?$CJ?50@ 0001ab9c     BaseMemoryLib:CompareMemWrapper.obj
 0002:00009a80       ??_C@_0GD@PIJJNKEB@z?3?2stm_reference?2stmpegit?2stm?9pe@ 0001abc0     BaseMemoryLib:CompareMemWrapper.obj
 0002:00009ae4       ??_C@_0BN@MDMCNBCC@SourceBuffer?5?$CB?$DN?5?$CI?$CIvoid?5?$CK?$CJ?50?$CJ?$AA@ 0001ac24     BaseMemoryLib:CompareMemWrapper.obj
 0002:00009b04       ??_C@_0BF@KGOGCKLE@Idtr?5?$CB?$DN?5?$CI?$CIvoid?5?$CK?$CJ?50?$CJ?$AA@ 0001ac44     BaseLib:X86WriteIdtr.obj
 0002:00009b20       ??_C@_0FI@JCJAHHJO@z?3?2stm_reference?2stmpegit?2stm?9pe@ 0001ac60     BaseLib:X86WriteIdtr.obj
 0002:00009b78       ??_C@_0L@MEMPDLHB@Count?5?$DM?564?$AA@ 0001acb8     BaseLib:RShiftU64.obj
 0002:00009b88       ??_C@_0FF@FDPDBMCL@z?3?2stm_reference?2stmpegit?2stm?9pe@ 0001acc8     BaseLib:RShiftU64.obj
 0002:00009be0       ??_C@_0FF@CHACEEBC@z?3?2stm_reference?2stmpegit?2stm?9pe@ 0001ad20     BaseLib:Unaligned.obj
 0002:00009c38       ??_C@_0FF@LGNKCCMJ@z?3?2stm_reference?2stmpegit?2stm?9pe@ 0001ad78     BaseLib:LShiftU64.obj
 0002:00009c90       ??_C@_0FC@POIDGAHH@z?3?2stm_reference?2stmpegit?2stm?9pe@ 0001add0     BaseLib:String.obj
 0002:00009ce4       ??_C@_0BH@MAAHKCPC@String?5?$CB?$DN?5?$CI?$CIvoid?5?$CK?$CJ?50?$CJ?$AA@ 0001ae24     BaseLib:String.obj
 0002:00009cfc       ??_C@_0CD@BDCLIGHD@?$CI?$CIUINTN?$CJ?5String?5?$CG?50x00000001?$CJ?5?$DN?$DN@ 0001ae3c     BaseLib:String.obj
 0002:00009d20       ??_C@_0DK@EOJCOAME@Length?5?$DM?5_gPcd_FixedAtBuild_PcdM@ 0001ae60     BaseLib:String.obj
 0002:00009d5c       ??_C@_0DI@MDIKFADO@Length?5?$DM?5_gPcd_FixedAtBuild_PcdM@ 0001ae9c     BaseLib:String.obj
 0002:00009d94       ??_C@_0N@KGHEHMDL@Divisor?5?$CB?$DN?50?$AA@ 0001aed4     BaseLib:DivU64x32.obj
 0002:00009da8       ??_C@_0FF@MMOFIFMJ@z?3?2stm_reference?2stmpegit?2stm?9pe@ 0001aee8     BaseLib:DivU64x32.obj
 0002:00009e00       ??_C@_0BL@CPGKAMND@JumpBuffer?5?$CB?$DN?5?$CI?$CIvoid?5?$CK?$CJ?50?$CJ?$AA@ 0001af40     BaseLib:SetJump.obj
 0002:00009e20       ??_C@_0FD@HDPPKPNE@z?3?2stm_reference?2stmpegit?2stm?9pe@ 0001af60     BaseLib:SetJump.obj
 0002:00009e74       ??_C@_0CD@HOMHJBIN@?$CI?$CIUINTN?$CJJumpBuffer?5?$CG?5?$CI4?5?9?51?$CJ?$CJ?5?$DN?$DN@ 0001afb4     BaseLib:SetJump.obj
 0002:00009e98       ??_C@_0BP@NMNOKPEO@ERROR?3?5AsmVmRead?$CI0x?$CFx?$CJ?5?3?5?$CF08x?6?$AA@ 0001afd8     StmLib:Vmx.obj
 0002:00009eb8       ??_C@_0CJ@IAOLFKAK@ERROR?3?5AsmVmWrite?$CI0x?$CFx?5?9?50x?$CF04x?$CJ@ 0001aff8     StmLib:Vmx.obj
 0002:00009ee4       ??_C@_0CJ@IFOBBHIL@ERROR?3?5AsmVmWrite?$CI0x?$CFx?5?9?50x?$CF08x?$CJ@ 0001b024     StmLib:Vmx.obj
 0002:00009f10       ??_C@_0CL@PLBMLJFL@ERROR?3?5AsmVmWrite?$CI0x?$CFx?5?9?50x?$CF016l@ 0001b050     StmLib:Vmx.obj
 0002:00009f3c       ??_C@_0P@NCJHBCLM@Protocol?5Error?$AA@ 0001b07c     BasePrintLib:PrintLibInternal.obj
 0002:00009f4c       ??_C@_0L@DJKNJKHM@TFTP?5Error?$AA@ 0001b08c     BasePrintLib:PrintLibInternal.obj
 0002:00009f58       ??_C@_0L@LKIFCMNO@ICMP?5Error?$AA@ 0001b098     BasePrintLib:PrintLibInternal.obj
 0002:00009f64       ??_C@_07LCKDCBKK@Aborted?$AA@ 0001b0a4     BasePrintLib:PrintLibInternal.obj
 0002:00009f6c       ??_C@_0BA@IGIBFFPH@Already?5started?$AA@ 0001b0ac     BasePrintLib:PrintLibInternal.obj
 0002:00009f7c       ??_C@_0M@DCJFAFHJ@Not?5started?$AA@ 0001b0bc     BasePrintLib:PrintLibInternal.obj
 0002:00009f88       ??_C@_08PAFJCNGP@Time?5out?$AA@ 0001b0c8     BasePrintLib:PrintLibInternal.obj
 0002:00009f94       ??_C@_0L@IFPBNFC@No?5mapping?$AA@ 0001b0d4     BasePrintLib:PrintLibInternal.obj
 0002:00009fa0       ??_C@_0M@ENKCBFEP@No?5Response?$AA@ 0001b0e0     BasePrintLib:PrintLibInternal.obj
 0002:00009fac       ??_C@_0O@NFHOBIDO@Access?5Denied?$AA@ 0001b0ec     BasePrintLib:PrintLibInternal.obj
 0002:00009fbc       ??_C@_09CFCBFJND@Not?5Found?$AA@ 0001b0fc     BasePrintLib:PrintLibInternal.obj
 0002:00009fc8       ??_C@_0O@JNCJKCCD@Media?5changed?$AA@ 0001b108     BasePrintLib:PrintLibInternal.obj
 0002:00009fd8       ??_C@_08KEGAJDNN@No?5Media?$AA@ 0001b118     BasePrintLib:PrintLibInternal.obj
 0002:00009fe4       ??_C@_0M@HDLEPOFA@Volume?5Full?$AA@ 0001b124     BasePrintLib:PrintLibInternal.obj
 0002:00009ff0       ??_C@_0P@EIOJGIF@Volume?5Corrupt?$AA@ 0001b130     BasePrintLib:PrintLibInternal.obj
 0002:0000a000       ??_C@_0BB@GOILNEAA@Out?5of?5Resources?$AA@ 0001b140     BasePrintLib:PrintLibInternal.obj
 0002:0000a014       ??_C@_0BA@LNEDDFNB@Write?5Protected?$AA@ 0001b154     BasePrintLib:PrintLibInternal.obj
 0002:0000a024       ??_C@_0N@HHEABDHO@Device?5Error?$AA@ 0001b164     BasePrintLib:PrintLibInternal.obj
 0002:0000a034       ??_C@_09NKFGCIPN@Not?5Ready?$AA@ 0001b174     BasePrintLib:PrintLibInternal.obj
 0002:0000a040       ??_C@_0BB@EGELJFOB@Buffer?5Too?5Small?$AA@ 0001b180     BasePrintLib:PrintLibInternal.obj
 0002:0000a054       ??_C@_0BA@FLNMPMCF@Bad?5Buffer?5Size?$AA@ 0001b194     BasePrintLib:PrintLibInternal.obj
 0002:0000a064       ??_C@_0M@BEECMOIL@Unsupported?$AA@ 0001b1a4     BasePrintLib:PrintLibInternal.obj
 0002:0000a070       ??_C@_0BC@HOFHKGJN@Invalid?5Parameter?$AA@ 0001b1b0     BasePrintLib:PrintLibInternal.obj
 0002:0000a084       ??_C@_0L@PLPBEPPC@Load?5Error?$AA@ 0001b1c4     BasePrintLib:PrintLibInternal.obj
 0002:0000a090       ??_C@_0BJ@ODIPDGHB@Warning?5Buffer?5Too?5Small?$AA@ 0001b1d0     BasePrintLib:PrintLibInternal.obj
 0002:0000a0ac       ??_C@_0BG@ECIJMOED@Warning?5Write?5Failure?$AA@ 0001b1ec     BasePrintLib:PrintLibInternal.obj
 0002:0000a0c4       ??_C@_0BH@GKKCJEPJ@Warning?5Delete?5Failure?$AA@ 0001b204     BasePrintLib:PrintLibInternal.obj
 0002:0000a0dc       ??_C@_0BG@CFJMNNJK@Warning?5Unknown?5Glyph?$AA@ 0001b21c     BasePrintLib:PrintLibInternal.obj
 0002:0000a0f4       ??_C@_07PBILKAFL@Success?$AA@ 0001b234     BasePrintLib:PrintLibInternal.obj
 0002:0000a0fc       _mHexStr                   0001b23c     BasePrintLib:PrintLibInternal.obj
 0002:0000a110       ??_C@_0GB@LKIPCFB@z?3?2stm_reference?2stmpegit?2stm?9pe@ 0001b250     BasePrintLib:PrintLibInternal.obj
 0002:0000a174       ??_C@_0CB@NIHAJGJE@StrSize?5?$CI?$CICHAR16?5?$CK?$CJ?5Format?$CJ?5?$CB?$DN?50@ 0001b2b4     BasePrintLib:PrintLibInternal.obj
 0002:0000a198       ??_C@_0BL@BFEFANFD@AsciiStrSize?5?$CIFormat?$CJ?5?$CB?$DN?50?$AA@ 0001b2d8     BasePrintLib:PrintLibInternal.obj
 0002:0000a1b4       ??_C@_0O@MLOLIMFM@?$DMnull?5string?$DO?$AA@ 0001b2f4     BasePrintLib:PrintLibInternal.obj
 0002:0000a1c4       ??_C@_0M@BJJDNPHK@?$DMnull?5guid?$DO?$AA@ 0001b304     BasePrintLib:PrintLibInternal.obj
 0002:0000a1d0       ??_C@_0DB@PMLHLBMO@?$CF08x?9?$CF04x?9?$CF04x?9?$CF02x?$CF02x?9?$CF02x?$CF02x@ 0001b310     BasePrintLib:PrintLibInternal.obj
 0002:0000a204       ??_C@_0M@LHGBCIKM@?$DMnull?5time?$DO?$AA@ 0001b344     BasePrintLib:PrintLibInternal.obj
 0002:0000a210       ??_C@_0BK@FCPKCIDD@?$CF02d?1?$CF02d?1?$CF04d?5?5?$CF02d?3?$CF02d?$AA@ 0001b350     BasePrintLib:PrintLibInternal.obj
 0002:0000a22c       ??_C@_04JIMNDDED@?$CF08X?$AA@ 0001b36c     BasePrintLib:PrintLibInternal.obj
 0002:0000a234       ??_C@_02PCIJFNDE@?$AN?6?$AA@ 0001b374     BasePrintLib:PrintLibInternal.obj
 0002:0000a238       ??_C@_01LIIJDEN@?$AN?$AA@  0001b378     BasePrintLib:PrintLibInternal.obj
 0002:0000a240       ??_C@_0EG@GCMPEMOL@?$CI?$CI?$CIFlags?5?$CG?50x40?$CJ?5?$DN?$DN?50?$CJ?$CJ?5?$HM?$HM?5?$CIStrS@ 0001b380     BasePrintLib:PrintLibInternal.obj
 0002:0000a288       ??_C@_0EA@IOPPGIHC@?$CI?$CI?$CIFlags?5?$CG?50x40?$CJ?5?$CB?$DN?50?$CJ?$CJ?5?$HM?$HM?5?$CIAsci@ 0001b3c8     BasePrintLib:PrintLibInternal.obj
 0002:0000a2c8       ??_C@_0FO@PFFGHHAD@z?3?2stm_reference?2stmpegit?2stm?9pe@ 0001b408     BaseLib:DivU64x32Remainder.obj
 0002:0000a328       ??_C@_0BO@BAKALPJK@?$CI?$CIAddress?$CJ?5?$CG?5?$HO0xfffffff?$CJ?5?$DN?$DN?50?$AA@ 0001b468     BasePciExpressLib:PciExpressLib.obj
 0002:0000a348       ??_C@_0GD@HBDGNDB@z?3?2stm_reference?2stmpegit?2stm?9pe@ 0001b488     BasePciExpressLib:PciExpressLib.obj
 0003:00000000       _mExceptionHandlerLength   0001b580     Stm:Exception.obj
 0003:00000004       _mExternalVectorTablePtr   0001b584     Stm:Exception.obj
 0003:00000010       _mInternalDebugLock        0001b590     MpSafDebugLibSerialPort:DebugLib.obj
 0003:00000014       _gUartBase                 0001b594     PcAtSerialPortLib:SerialPortLib.obj
 0003:00000018       _VmcsFieldOffsetTable      0001b598     Stm:VmcsMapper.obj
 0003:00000470       _VmcsFieldPrintTable       0001b9f0     Stm:VmcsMapper.obj
 0003:00000d20       _mPeSmmVmcallHandler       0001c2a0     Stm:PeSmmVmcallHandler.obj
 0003:00000d30       _mSmmVmcallHandler         0001c2b0     Stm:SmmVmcallHandler.obj
 0003:00000d50       _mPageAttributeTable       0001c2d0     Stm:SmmEptHandler.obj
 0003:00000d98       _mSmiVmcallEventLogHandler 0001c318     Stm:SmiVmcallHandler.obj
 0003:00000dc8       _mSmiVmcallHandler         0001c348     Stm:SmiVmcallHandler.obj
 0003:00000e30       _mErrorCodeFlag            0001c3b0     Stm:StmExceptionHandler.obj
 0003:00000e34       _mMsrReadExit              0001c3b4     Stm:MsrInit.obj
 0003:00000e40       _mMsrReadWriteExit         0001c3c0     Stm:MsrInit.obj
 0003:00000e88       _mMsrWriteExit             0001c408     Stm:MsrInit.obj
 0003:00000eb8       _mFixedMtrrStructInfo      0001c438     Stm:EptInit.obj
 0003:00000f10       _mVmxCapabilityMsrStr      0001c490     Stm:Dump.obj
 0003:00000f78       _mVmcs16ControlFiledStr    0001c4f8     Stm:Dump.obj
 0003:00000f80       _mVmcs64ControlFiledStr    0001c500     Stm:Dump.obj
 0003:00000fd8       _mVmcs32ControlFiledStr    0001c558     Stm:Dump.obj
 0003:00001068       _mVmcsNControlFiledStr     0001c5e8     Stm:Dump.obj
 0003:000010a8       _mVmcs64ReadOnlyFiledStr   0001c628     Stm:Dump.obj
 0003:000010b0       _mVmcs32ReadOnlyFiledStr   0001c630     Stm:Dump.obj
 0003:000010f0       _mVmcsNReadOnlyFiledStr    0001c670     Stm:Dump.obj
 0003:00001120       _mVmcs16GuestFiledStr      0001c6a0     Stm:Dump.obj
 0003:00001160       _mVmcs64GuestFiledStr      0001c6e0     Stm:Dump.obj
 0003:000011a8       _mVmcs32GuestFiledStr      0001c728     Stm:Dump.obj
 0003:00001260       _mVmcsNGuestFiledStr       0001c7e0     Stm:Dump.obj
 0003:00001300       _mVmcs16HostFiledStr       0001c880     Stm:Dump.obj
 0003:00001338       _mVmcs64HostFiledStr       0001c8b8     Stm:Dump.obj
 0003:00001350       _mVmcs32HostFiledStr       0001c8d0     Stm:Dump.obj
 0003:00001358       _mVmcsNHostFiledStr        0001c8d8     Stm:Dump.obj
 0003:000013b8       _mX86RegisterStr           0001c938     Stm:Dump.obj
 0003:00001438       _mStatusString             0001c9b8     BasePrintLib:PrintLibInternal.obj
 0003:00001660       _EndTimeStamp              0001cbe0     Stm:PeLoadVm.obj
 0003:00001670       __gPcd_BinaryPatch_PcdPciExpressBaseAddress 0001cbf0     Stm:AutoGen.obj
 0003:0000167c       _mDefaultVmcsRecord        0001cbfc     Stm:SmmStateSync.obj
 0003:00001734       _StmVmPeNmiExCount         0001ccb4     Stm:PeSmmExceptionHandler.obj
 0003:0000173c       _GetMPState                0001ccbc     <common>
 0003:00001740       _mStmHandlerPeVm           0001ccc0     <common>
 0003:00001840       _mExternalVectorTable      0001cdc0     <common>
 0003:000018c0       _mStmHandlerSmm            0001ce40     <common>
 0003:000019b0       _mCpuInitStatus            0001cf30     <common>
 0003:000019c0       _mMtrrInfo                 0001cf40     <common>
 0003:00001c40       _PeSmiControl              0001d1c0     <common>
 0003:00001c60       _PeVmData                  0001d1e0     <common>
 0003:00002640       _mStmHandlerSmi            0001dbc0     <common>
 0003:00002740       _mGuestContextCommonSmm    0001dcc0     <common>
 0003:00002840       _mHostContextCommon        0001ddc0     <common>
 0003:00002930       _mIsBspInitialized         0001deb0     <common>
 0003:00002940       _mGuestContextCommonSmi    0001dec0     <common>

 entry point at        0001:00010ae0

 Static symbols

 0001:00007cb2       _PeEptFreeL3               00007f12 f    CIL library: CIL module
 0001:0000cd84       _setupModulepages          0000cfe4 f    CIL library: CIL module
